RESPONSE FILE
ALIAS not set, use default
EXCLUDE not set, use default
ALTERNATE not set, use default
CLIMATE_INDEX not set, use default
DLOD_REF not set, use default
EVERY not set, use default
FILTER 0.0
FLIP 0.0015
FORCING not set, use default
FSTEP not set, use default
IMPULSE not set, use default
MAXH 3
MAXLOOPS not set, use default
MERMS not set, use default
METRIC not set, use default
MLR not set, use default
NH 
NM 3
RESET not set, use default
SAMPLING not set, use default
SCALING not set, use default
SPLIT_LOW not set, use default
SPLIT_TRAINING not set, use default
SPREAD_CYCLE not set, use default
SPREAD_MIN 0.000001
SPREAD_MAX 0.45
STARTING_METRIC not set, use default
STEP not set, use default
THRESHOLD not set, use default
THRESHOLD_ACTION CATCHUP
TRAIN_END not set, use default
TRAIN_START not set, use default
TREND not set, use default
YEAR 0.00405305
F9 not set, use default
DECAY 48.0
FMULT not set, use default
FSTART not set, use default
LOCKF not set, use default
SYM not set, use default
NONLIN not set, use default
IDATE 1880.0
TEST_ONLY not set, use default
TIMEOUT not set, use default
NUMBER_OF_PROCESSORS not set, use default
LOCKT not set, use default
DTW 3
LOCKA not set, use default
CAL_LOD not set, use default
FRICTION not set, use default
JERK 0.0
RIDGE not set, use default
COVERAGE not set, use default
ENCLOSING not set, use default
ENCLOSED not set, use default
UNCOMPENSATED not set, use default
STRICT_IDATE not set, use default
INIT_DATE 1880.0
VALIDATE TRUE
MANIFOLD not set, use default
ACCEL not set, use default
AERO not set, use default
AERO_LAG not set, use default
ALPHA not set, use default
ALPHA_GAIN not set, use default
ALPHA_SLOPE not set, use default
ALPHA_SIGN not set, use default
LAYER 1
LAYER_K not set, use default
LAYER_HP not set, use default
LAYER_MIX not set, use default
IR_SIDE 0
IR_BASE not set, use default
ANNUAL_DITHER not set, use default
ANNUAL_DITHER_PHASE not set, use default
ANNUAL_DITHER_STAGE not set, use default
TIDES ZONAL
ZONAL_KAPPA not set, use default
ZONAL_TAU not set, use default
ZONAL_WSUN not set, use default
ZONAL_ECC not set, use default
ZONAL_EVECT not set, use default
ZONAL_VAR not set, use default
ZONAL_ANNEQ not set, use default
ZONAL_INCL not set, use default
 16 processors available, timeout= 20.000000000
*** JSON-ONLY MODE ***
Reading primary file: lt.exe.p
=== Reading JSON LPAP from: LPAP ===
  Field 'LPAP' not found in JSON
=== Reading JSON LPAP from: lpap ===
  Array contains 42 triplets
  MATCH: JSON period 2.73216615540000E+01 -> Index 1 (LP= 2.73216615540000E+01, diff= 3.55271367880050E-15, Amp=-1.41983942478954E-05, Phase= 1.79024987047424E+00)
  MATCH: JSON period 2.72122208150000E+01 -> Index 2 (LP= 2.72122208150000E+01, diff= 3.55271367880050E-15, Amp=-2.49970759085058E-03, Phase=-1.34084564994559E+00)
  MATCH: JSON period 1.09517502233364E+03 -> Index 3 (LP= 1.09517502233364E+03, diff= 4.09272615797818E-12, Amp=-1.96737534666516E-02, Phase=-6.70189748479613E-01)
  MATCH: JSON period 1.36334156847556E+01 -> Index 4 (LP= 1.36334156847556E+01, diff= 4.97379915032070E-14, Amp= 1.25283452141822E-01, Phase= 1.58893237621776E+00)
  MATCH: JSON period 1.36608307770000E+01 -> Index 5 (LP= 1.36608307770000E+01, diff= 1.77635683940025E-15, Amp= 2.96107841368090E-01, Phase= 6.38291616890001E-01)
  MATCH: JSON period 1.36061104075000E+01 -> Index 6 (LP= 1.36061104075000E+01, diff= 1.77635683940025E-15, Amp= 1.14183198944462E-03, Phase= 2.52810930400412E+00)
  MATCH: JSON period 2.75545498860000E+01 -> Index 7 (LP= 2.75545498860000E+01, diff= 3.55271367880050E-15, Amp= 9.79803490770383E-02, Phase= 1.73361885285619E-01)
  MATCH: JSON period 1.37772749430000E+01 -> Index 8 (LP= 1.37772749430000E+01, diff= 1.77635683940025E-15, Amp= 2.93076666603550E-02, Phase=-2.77304000894839E+00)
  MATCH: JSON period 6.79347648813065E+03 -> Index 9 (LP= 6.79347648813065E+03, diff= 4.54747350886464E-12, Amp= 1.93851666889097E-03, Phase= 5.93400408716589E+00)
  MATCH: JSON period 1.61630271425126E+03 -> Index 10 (LP= 1.61630271425126E+03, diff= 2.95585778076202E-12, Amp= 6.43454425684792E-03, Phase=-4.04816812421205E+00)
  MATCH: JSON period 3.18120938875855E+01 -> Index 11 (LP= 3.18120938043517E+01, diff= 8.32337931910843E-08, Amp= 1.93339981172168E-02, Phase= 1.57222795403526E-01)
  MATCH: JSON period 1.30566025845931E+03 -> Index 12 (LP= 1.30566025845931E+03, diff= 2.50111042987555E-12, Amp= 1.55336748596830E-02, Phase= 1.19622773937994E+00)
  MATCH: JSON period 2.74432392622558E+01 -> Index 13 (LP= 2.74432392622558E+01, diff= 2.13162820728030E-14, Amp= 2.07539470639421E-03, Phase=-2.07586883400658E+00)
  MATCH: JSON period 2.76667671457246E+01 -> Index 14 (LP= 2.76667671457246E+01, diff= 3.90798504668055E-14, Amp= 4.66475663236521E-03, Phase= 2.94705546980298E+00)
  MATCH: JSON period 2.19035004466729E+03 -> Index 15 (LP= 2.19035004466729E+03, diff= 1.81898940354586E-12, Amp= 1.80114512082362E-03, Phase=-2.12464278235811E+00)
  MATCH: JSON period 2.69850593472905E+01 -> Index 16 (LP= 2.69850593472905E+01, diff= 7.10542735760100E-15, Amp=-7.32808195111687E-05, Phase= 1.33568369115944E+00)
  MATCH: JSON period 6.16720701373239E+03 -> Index 17 (LP= 6.16720701373239E+03, diff= 0.00000000000000E+00, Amp= 3.22103843921943E-03, Phase= 7.18681337054656E-02)
  MATCH: JSON period-3.23260542850251E+03 -> Index 18 (LP=-3.23260542850251E+03, diff= 4.09272615797818E-12, Amp= 1.12313137484227E-02, Phase= 2.62707151487444E-01)
  MATCH: JSON period-2.12090900683440E+03 -> Index 19 (LP=-2.12090900683440E+03, diff= 4.09272615797818E-12, Amp= 5.70280496109780E-03, Phase= 7.11881544919432E+00)
  MATCH: JSON period 9.13295078375850E+00 -> Index 20 (LP= 9.13295078375850E+00, diff= 3.55271367880050E-15, Amp= 9.04945741115322E-02, Phase=-2.20797555021622E+00)
  MATCH: JSON period 9.12068919638272E+00 -> Index 21 (LP= 9.12068919638272E+00, diff= 3.55271367880050E-15, Amp= 3.66228943680091E-02, Phase=-1.40612649734229E+00)
  MATCH: JSON period 9.10846048883933E+00 -> Index 22 (LP= 9.10846048883933E+00, diff= 3.55271367880050E-15, Amp= 4.83989301078102E-03, Phase=-9.86654930172276E-01)
  MATCH: JSON period 3.39673824406533E+03 -> Index 23 (LP= 3.39673824406533E+03, diff= 2.72848410531878E-12, Amp= 2.98618601033514E-03, Phase=-1.24176651664034E+00)
  MATCH: JSON period 1.65631999626209E+03 -> Index 24 (LP= 1.65631999626209E+03, diff= 0.00000000000000E+00, Amp=-2.01518839287005E-03, Phase= 7.75756736471351E-02)
  MATCH: JSON period 9.55688763073544E+00 -> Index 25 (LP= 9.55688762322357E+00, diff= 7.51187378966733E-09, Amp= 2.40792446379548E-02, Phase=-2.43785669612713E+00)
  MATCH: JSON period 9.18484996200000E+00 -> Index 26 (LP= 9.18484996200000E+00, diff= 0.00000000000000E+00, Amp= 1.19718838046386E-02, Phase= 7.40554254222857E-01)
  MATCH: JSON period 9.54346213417505E+00 -> Index 27 (LP= 9.54346212668427E+00, diff= 7.49078132855630E-09, Amp= 1.31701382387337E-02, Phase=-1.17791231601385E+00)
  MATCH: JSON period 7.08840687523282E+00 -> Index 28 (LP= 7.08840687110032E+00, diff= 4.13250234032603E-09, Amp= 5.50692814088601E-03, Phase= 1.83888131213569E+00)
  MATCH: JSON period 6.85248390315609E+00 -> Index 29 (LP= 6.85248390315609E+00, diff= 3.55271367880050E-15, Amp= 8.53010446844121E-03, Phase= 2.34758906268534E+00)
  MATCH: JSON period 6.85940288608689E+00 -> Index 30 (LP= 6.85940288608689E+00, diff= 4.44089209850063E-15, Amp= 3.27105558024737E-02, Phase= 1.09864386686543E+00)
  MATCH: JSON period 7.09581074182978E+00 -> Index 31 (LP= 7.09581073768865E+00, diff= 4.14113454638709E-09, Amp= 2.13892443348017E-02, Phase= 9.60591193830046E-01)
  MATCH: JSON period 5.64270811399083E+00 -> Index 32 (LP= 5.64270811137210E+00, diff= 2.61873278617486E-09, Amp= 5.93852279100618E-03, Phase=-1.74581131854305E+00)
  MATCH: JSON period 1.47653273334210E+01 -> Index 33 (LP= 1.47653273154901E+01, diff= 1.79308532466393E-08, Amp= 2.82500573692207E-02, Phase=-2.91375377362932E+00)
  MATCH: JSON period 9.61373178098826E+00 -> Index 34 (LP= 9.61373177338676E+00, diff= 7.60150342671295E-09, Amp= 6.44542614442561E-03, Phase= 9.01394734305444E-01)
  MATCH: JSON period 2.70926769265989E+01 -> Index 35 (LP= 2.70926769265989E+01, diff= 3.55271367880050E-15, Amp= 1.27111132832569E-02, Phase= 3.81490867223583E-02)
  MATCH: JSON period 5.63802513168964E+00 -> Index 36 (LP= 5.63802512907525E+00, diff= 2.61438870552411E-09, Amp=-5.43091346497432E-03, Phase=-2.00761380845592E+00)
  MATCH: JSON period 5.49218394831290E+00 -> Index 37 (LP= 5.49218394831290E+00, diff= 4.44089209850063E-15, Amp= 3.36465367438922E-03, Phase=-2.23688997871700E+00)
  MATCH: JSON period 1.47974890358585E+01 -> Index 38 (LP= 1.47974890178494E+01, diff= 1.80090911072739E-08, Amp= 4.12994643096640E-03, Phase=-4.08885729346563E+00)
  MATCH: JSON period 1.47333051319229E+01 -> Index 39 (LP= 1.47333051140697E+01, diff= 1.78532335581849E-08, Amp= 3.75415800742414E-08, Phase= 2.96578794048301E+00)
  MATCH: JSON period 1.53873722111070E+01 -> Index 40 (LP= 1.53873721818968E+01, diff= 2.92102448895548E-08, Amp=-6.03504763883049E-03, Phase=-1.70687924658327E+00)
  MATCH: JSON period 2.39421151361583E+01 -> Index 41 (LP= 2.39421151833038E+01, diff= 4.71455336992221E-08, Amp=-4.33762097673584E-03, Phase= 1.49460131160811E+00)
  MATCH: JSON period 1.82623147981992E+02 -> Index 42 (LP= 1.82623150725000E+02, diff= 2.74300799674165E-06, Amp= 2.49617555829872E-02, Phase=-6.37129748649247E-01)
=== LPAP Summary: Matched 42 out of 42 JSON triplets ===

Successfully loaded: lt.exe.p
*** JSON FILE LOADED SUCCESSFULLY ***
records from  1 ...  20829
factors from  1 ...  42
updated forcing  2019.03045764056
   0.97108046014=CC  365.24629596398=Yr
YA=-5.48601554518334E-06
Referencing dLOD
w.dat for Thread # 1 2
=== Param_B Overlay Verification ===
  NLP (tidal constituents) =  42
  NLT (modulations) =  11
  Expected overlay size =  113
  Calculated (P'Size / LF'Size - 1) =  113
  Manual (18 + NLP*2 + NLT) =  113
  ✓ Layout verification PASSED
  Scalar fields: 1.. 18
  LPAP array:  19.. 102
  LT array:  103.. 113

Catchup mode enabled:TRUE
```
   0.00240153620 :offset:
   0.40112768952 :bg:
  -5.94634230425 :impA:
  -9.95482903027 :impB:
   0.03014825318 :impC:
  -4.22553380273:delA:
   1.12605708876:delB:
   6.17601576100:asym:
  -0.04154424980:ann1:
  -0.13642376274:ann2:
   0.02290887301:sem1:
   0.00691092504:sem2:
  -0.00000548602:year:
  -0.50870835931:IR:
   0.00009159526 :mA:
   0.00551492872 :mP:
   0.00287486704 :shiftT:
  -1.69578693644 :init:
---- Tidal ----
  27.32166155400,   -0.00001419839,    1.79024987047,  1, -108,  1.77623886906348E-04
  27.21222081500,   -0.00249970759,   -1.34084564995,  2, -272,  1.45338192292238E-03
1095.17502233364,   -0.01967375347,   -0.67018974848,  3, -22306,  8.85962424783802E-05
  13.63341568476,    0.12528345214,    1.58893237622,  4, -3,  1.29171237914516E-01
  13.66083077700,    0.29610784137,    0.63829161689,  5, -6,  3.16052361589228E-01
  13.60611040750,    0.00114183199,    2.52810930400,  6, -89,  1.05495004760776E-02
  27.55454988600,    0.09798034908,    0.17336188529,  7,  14,  8.56629278001492E-02
  13.77727494300,    0.02930766666,   -2.77304000895,  8,  116,  1.35418900723381E-02
6793.47648813065,    0.00193851667,    5.93400408717,  9,  66,  1.16524059389948E-03
1616.30271425126,    0.00643454426,   -4.04816812421,  10,  339,  1.46720429301758E-03
  31.81209388759,    0.01933399812,    0.15722279540,  11,  26,  1.53414059965656E-02
1305.66025845931,    0.01553367486,    1.19622773938,  12,  5106,  2.98368588796921E-04
  27.44323926226,    0.00207539471,   -2.07586883401,  13, -52,  4.29950689838425E-03
  27.66676714572,    0.00466475663,    2.94705546980,  14, -37,  7.42627797899312E-03
2190.35004466729,    0.00180114512,   -2.12464278236,  15,  43,  1.26228572738325E-03
  26.98505934729,   -0.00007328082,    1.33568369116,  16, -102,  3.08045699399523E-03
6167.20701373239,    0.00322103844,    0.07186813371,  17,  741,  3.82781565939231E-04
-3232.60542850251,    0.01123131375,    0.26270715149,  18,  1418,  7.39836273275383E-04
-2120.90900683440,    0.00570280496,    7.11881544919,  19,  554,  8.71545684577268E-04
   9.13295078376,    0.09049457411,   -2.20797555022,  20,  6,  8.57409652860247E-02
   9.12068919638,    0.03662289437,   -1.40612649734,  21,  3,  3.54487787515200E-02
   9.10846048884,    0.00483989301,   -0.98665493017,  22,  62,  2.99015012159045E-03
3396.73824406533,    0.00298618601,   -1.24176651664,  23,  281,  7.83820532879417E-04
1656.31999626209,   -0.00201518839,    0.07757567365,  24, -232,  1.52672677346090E-03
   9.55688763074,    0.02407924464,   -2.43785669613,  25,  56,  1.54291153559962E-02
   9.18484996200,    0.01197188380,    0.74055425422,  26,  420,  2.30300643600180E-03
   9.54346213418,    0.01317013824,   -1.17791231601,  27,  105,  6.41575739312582E-03
   7.08840687523,    0.00550692814,    1.83888131214,  28, -10,  6.13844639861586E-03
   6.85248390316,    0.00853010447,    2.34758906269,  29,  109,  4.07738907699251E-03
   6.85940288609,    0.03271055580,    1.09864386687,  30,  118,  1.50362860516268E-02
   7.09581074183,    0.02138924433,    0.96059119383,  31,  24,  1.72062554309454E-02
   5.64270811399,    0.00593852279,   -1.74581131854,  32,  28,  4.63897006263658E-03
  14.76532733342,    0.02825005737,   -2.91375377363,  33,  11,  2.53379304577090E-02
   9.61373178099,    0.00644542614,    0.90139473431,  34, -5,  6.79787728685529E-03
  27.09267692660,    0.01271111328,    0.03814908672,  35,  160,  4.88821334805157E-03
   5.63802513169,   -0.00543091346,   -2.00761380846,  36, -964,  6.28536786659866E-04
   5.49218394831,    0.00336465367,   -2.23688997872,  37,  200,  1.12012503535197E-03
  14.79748903586,    0.00412994643,   -4.08885729347,  38,  44,  2.87069441270983E-03
  14.73330513192,    0.00000003754,    2.96578794048,  39, -100,  2.87685651163846E-03
  15.38737221111,   -0.00603504764,   -1.70687924658,  40, -683,  1.03507948675646E-03
  23.94211513616,   -0.00433762098,    1.49460131161,  41, -1093,  4.36628873440457E-04
 182.62314798199,    0.02496175558,   -0.63712974865,  42,  5,  2.38491385123563E-02
---- LTE ----
   0.00000000000 :ridge:
   1.00000000000 :coverage:
 FALSE :enclosing:
 UL :enclosed:
  -0.04384543615 :trend:
   0.00033594649 :accel:
-28989.26558131539 :K0:
1498.69948685207 :level:
  -0.01881658540,    0.00000000000,    0.00000000000 1
   0.08104038838,    0.00000000000,    0.00000000000-6
  -0.01342612520, 343680.40617327229,   -3.13747271519 1
```
w.dat for Thread # 2 3
=== Param_B Overlay Verification ===
  NLP (tidal constituents) =  42
  NLT (modulations) =  11
  Expected overlay size =  113
  Calculated (P'Size / LF'Size - 1) =  113
  Manual (18 + NLP*2 + NLT) =  113
  ✓ Layout verification PASSED
  Scalar fields: 1.. 18
  LPAP array:  19.. 102
  LT array:  103.. 113

Catchup mode enabled:TRUE
CC   0.6194090545 V:   0.3867687008  -0.1637472773   1 1
w.dat for Thread # 3 4
=== Param_B Overlay Verification ===
  NLP (tidal constituents) =  42
  NLT (modulations) =  11
  Expected overlay size =  113
  Calculated (P'Size / LF'Size - 1) =  113
  Manual (18 + NLP*2 + NLT) =  113
  ✓ Layout verification PASSED
  Scalar fields: 1.. 18
  LPAP array:  19.. 102
  LT array:  103.. 113

Catchup mode enabled:TRUE
records from  1 ...  20829
factors from  1 ...  42
updated forcing  2019.03045764056
w.dat for Thread # 4 5
=== Param_B Overlay Verification ===
  NLP (tidal constituents) =  42
  NLT (modulations) =  11
  Expected overlay size =  113
  Calculated (P'Size / LF'Size - 1) =  113
  Manual (18 + NLP*2 + NLT) =  113
  ✓ Layout verification PASSED
  Scalar fields: 1.. 18
  LPAP array:  19.. 102
  LT array:  103.. 113

Catchup mode enabled:TRUE
w.dat for Thread # 5 6
=== Param_B Overlay Verification ===
  NLP (tidal constituents) =  42
  NLT (modulations) =  11
  Expected overlay size =  113
  Calculated (P'Size / LF'Size - 1) =  113
  Manual (18 + NLP*2 + NLT) =  113
  ✓ Layout verification PASSED
  Scalar fields: 1.. 18
  LPAP array:  19.. 102
  LT array:  103.. 113

Catchup mode enabled:TRUE
w.dat for Thread # 6 7
=== Param_B Overlay Verification ===
  NLP (tidal constituents) =  42
  NLT (modulations) =  11
  Expected overlay size =  113
  Calculated (P'Size / LF'Size - 1) =  113
  Manual (18 + NLP*2 + NLT) =  113
  ✓ Layout verification PASSED
  Scalar fields: 1.. 18
  LPAP array:  19.. 102
  LT array:  103.. 113

Catchup mode enabled:TRUE
w.dat for Thread # 7 8
=== Param_B Overlay Verification ===
  NLP (tidal constituents) =  42
  NLT (modulations) =  11
  Expected overlay size =  113
  Calculated (P'Size / LF'Size - 1) =  113
  Manual (18 + NLP*2 + NLT) =  113
  ✓ Layout verification PASSED
  Scalar fields: 1.. 18
  LPAP array:  19.. 102
  LT array:  103.. 113

Catchup mode enabled:TRUE
w.dat for Thread # 8 9
=== Param_B Overlay Verification ===
  NLP (tidal constituents) =  42
  NLT (modulations) =  11
  Expected overlay size =  113
  Calculated (P'Size / LF'Size - 1) =  113
  Manual (18 + NLP*2 + NLT) =  113
  ✓ Layout verification PASSED
  Scalar fields: 1.. 18
  LPAP array:  19.. 102
  LT array:  103.. 113

Catchup mode enabled:TRUE
w.dat for Thread # 9 10
=== Param_B Overlay Verification ===
  NLP (tidal constituents) =  42
  NLT (modulations) =  11
  Expected overlay size =  113
  Calculated (P'Size / LF'Size - 1) =  113
  Manual (18 + NLP*2 + NLT) =  113
  ✓ Layout verification PASSED
  Scalar fields: 1.. 18
  LPAP array:  19.. 102
  LT array:  103.. 113

Catchup mode enabled:TRUE
w.dat for Thread # 10 11
=== Param_B Overlay Verification ===
  NLP (tidal constituents) =  42
  NLT (modulations) =  11
  Expected overlay size =  113
  Calculated (P'Size / LF'Size - 1) =  113
  Manual (18 + NLP*2 + NLT) =  113
  ✓ Layout verification PASSED
  Scalar fields: 1.. 18
  LPAP array:  19.. 102
  LT array:  103.. 113

Catchup mode enabled:TRUE
w.dat for Thread # 11 12
=== Param_B Overlay Verification ===
  NLP (tidal constituents) =  42
  NLT (modulations) =  11
  Expected overlay size =  113
  Calculated (P'Size / LF'Size - 1) =  113
  Manual (18 + NLP*2 + NLT) =  113
  ✓ Layout verification PASSED
  Scalar fields: 1.. 18
  LPAP array:  19.. 102
  LT array:  103.. 113

Catchup mode enabled:TRUE
w.dat for Thread # 12 13
=== Param_B Overlay Verification ===
  NLP (tidal constituents) =  42
  NLT (modulations) =  11
  Expected overlay size =  113
  Calculated (P'Size / LF'Size - 1) =  113
  Manual (18 + NLP*2 + NLT) =  113
  ✓ Layout verification PASSED
  Scalar fields: 1.. 18
  LPAP array:  19.. 102
  LT array:  103.. 113

Catchup mode enabled:TRUE
w.dat for Thread # 13 14
=== Param_B Overlay Verification ===
  NLP (tidal constituents) =  42
  NLT (modulations) =  11
  Expected overlay size =  113
  Calculated (P'Size / LF'Size - 1) =  113
  Manual (18 + NLP*2 + NLT) =  113
  ✓ Layout verification PASSED
  Scalar fields: 1.. 18
  LPAP array:  19.. 102
  LT array:  103.. 113

Catchup mode enabled:TRUE
w.dat for Thread # 14 15
=== Param_B Overlay Verification ===
  NLP (tidal constituents) =  42
  NLT (modulations) =  11
  Expected overlay size =  113
  Calculated (P'Size / LF'Size - 1) =  113
  Manual (18 + NLP*2 + NLT) =  113
  ✓ Layout verification PASSED
  Scalar fields: 1.. 18
  LPAP array:  19.. 102
  LT array:  103.. 113

Catchup mode enabled:TRUE
w.dat for Thread # 15 16
=== Param_B Overlay Verification ===
  NLP (tidal constituents) =  42
  NLT (modulations) =  11
  Expected overlay size =  113
  Calculated (P'Size / LF'Size - 1) =  113
  Manual (18 + NLP*2 + NLT) =  113
  ✓ Layout verification PASSED
  Scalar fields: 1.. 18
  LPAP array:  19.. 102
  LT array:  103.. 113

Catchup mode enabled:TRUE
w.dat for Thread # 16 1
=== Param_B Overlay Verification ===
  NLP (tidal constituents) =  42
  NLT (modulations) =  11
  Expected overlay size =  113
  Calculated (P'Size / LF'Size - 1) =  113
  Manual (18 + NLP*2 + NLT) =  113
  ✓ Layout verification PASSED
  Scalar fields: 1.. 18
  LPAP array:  19.. 102
  LT array:  103.. 113

Catchup mode enabled:TRUE
   0.97108046014=CC  365.24629596398=Yr
   0.96910377020:dLOD:    365.24629596398:Yr: w.dat```
   0.00240153620 :offset:
   0.40112768952 :bg:
  -5.94634230425 :impA:
  -9.95482903027 :impB:
   0.03014825318 :impC:
  -4.22553380273:delA:
   1.12605708876:delB:
   6.17601576100:asym:
  -0.04154424980:ann1:
  -0.13642376274:ann2:
   0.02290887301:sem1:
   0.00691092504:sem2:
  -0.00000548602:year:
  -0.50870835931:IR:
   0.00009159526 :mA:
   0.00551492872 :mP:
   0.00287486704 :shiftT:
  -1.69578693644 :init:
---- Tidal ----
  27.32166155400,   -0.00001419839,    1.79024987047,  1, -108,  1.77623886906348E-04
  27.21222081500,   -0.00249970759,   -1.34084564995,  2, -272,  1.45338192292238E-03
1095.17502233364,   -0.01967375347,   -0.67018974848,  3, -22306,  8.85962424783802E-05
  13.63341568476,    0.12528345214,    1.58893237622,  4, -3,  1.29171237914516E-01
  13.66083077700,    0.29610784137,    0.63829161689,  5, -6,  3.16052361589228E-01
  13.60611040750,    0.00114183199,    2.52810930400,  6, -89,  1.05495004760776E-02
  27.55454988600,    0.09798034908,    0.17336188529,  7,  14,  8.56629278001492E-02
  13.77727494300,    0.02930766666,   -2.77304000895,  8,  116,  1.35418900723381E-02
6793.47648813065,    0.00193851667,    5.93400408717,  9,  66,  1.16524059389948E-03
1616.30271425126,    0.00643454426,   -4.04816812421,  10,  339,  1.46720429301758E-03
  31.81209388759,    0.01933399812,    0.15722279540,  11,  26,  1.53414059965656E-02
1305.66025845931,    0.01553367486,    1.19622773938,  12,  5106,  2.98368588796921E-04
  27.44323926226,    0.00207539471,   -2.07586883401,  13, -52,  4.29950689838425E-03
  27.66676714572,    0.00466475663,    2.94705546980,  14, -37,  7.42627797899312E-03
2190.35004466729,    0.00180114512,   -2.12464278236,  15,  43,  1.26228572738325E-03
  26.98505934729,   -0.00007328082,    1.33568369116,  16, -102,  3.08045699399523E-03
6167.20701373239,    0.00322103844,    0.07186813371,  17,  741,  3.82781565939231E-04
-3232.60542850251,    0.01123131375,    0.26270715149,  18,  1418,  7.39836273275383E-04
-2120.90900683440,    0.00570280496,    7.11881544919,  19,  554,  8.71545684577268E-04
   9.13295078376,    0.09049457411,   -2.20797555022,  20,  6,  8.57409652860247E-02
   9.12068919638,    0.03662289437,   -1.40612649734,  21,  3,  3.54487787515200E-02
   9.10846048884,    0.00483989301,   -0.98665493017,  22,  62,  2.99015012159045E-03
3396.73824406533,    0.00298618601,   -1.24176651664,  23,  281,  7.83820532879417E-04
1656.31999626209,   -0.00201518839,    0.07757567365,  24, -232,  1.52672677346090E-03
   9.55688763074,    0.02407924464,   -2.43785669613,  25,  56,  1.54291153559962E-02
   9.18484996200,    0.01197188380,    0.74055425422,  26,  420,  2.30300643600180E-03
   9.54346213418,    0.01317013824,   -1.17791231601,  27,  105,  6.41575739312582E-03
   7.08840687523,    0.00550692814,    1.83888131214,  28, -10,  6.13844639861586E-03
   6.85248390316,    0.00853010447,    2.34758906269,  29,  109,  4.07738907699251E-03
   6.85940288609,    0.03271055580,    1.09864386687,  30,  118,  1.50362860516268E-02
   7.09581074183,    0.02138924433,    0.96059119383,  31,  24,  1.72062554309454E-02
   5.64270811399,    0.00593852279,   -1.74581131854,  32,  28,  4.63897006263658E-03
  14.76532733342,    0.02825005737,   -2.91375377363,  33,  11,  2.53379304577090E-02
   9.61373178099,    0.00644542614,    0.90139473431,  34, -5,  6.79787728685529E-03
  27.09267692660,    0.01271111328,    0.03814908672,  35,  160,  4.88821334805157E-03
   5.63802513169,   -0.00543091346,   -2.00761380846,  36, -964,  6.28536786659866E-04
   5.49218394831,    0.00336465367,   -2.23688997872,  37,  200,  1.12012503535197E-03
  14.79748903586,    0.00412994643,   -4.08885729347,  38,  44,  2.87069441270983E-03
  14.73330513192,    0.00000003754,    2.96578794048,  39, -100,  2.87685651163846E-03
  15.38737221111,   -0.00603504764,   -1.70687924658,  40, -683,  1.03507948675646E-03
  23.94211513616,   -0.00433762098,    1.49460131161,  41, -1093,  4.36628873440457E-04
 182.62314798199,    0.02496175558,   -0.63712974865,  42,  5,  2.38491385123563E-02
---- LTE ----
   0.00000000000 :ridge:
   1.00000000000 :coverage:
 FALSE :enclosing:
 UL :enclosed:
  -0.04384543615 :trend:
   0.00033594649 :accel:
-28989.26558131539 :K0:
1498.69948685207 :level:
  -0.01881658540,    0.00000000000,    0.00000000000 1
   0.08104038838,    0.00000000000,    0.00000000000-6
  -0.01342612520, 343680.40617327229,   -3.13747271519 1
```
CC   0.6194090545 V:   0.3867687008  -0.1637472773   2 1
records from  1 ...  20829
factors from  1 ...  42
updated forcing  2019.03045764056
   0.97108046014=CC  365.24629596398=Yr
   0.96910377020:dLOD:    365.24629596398:Yr: w.dat```
   0.00240153620 :offset:
   0.40112768952 :bg:
  -5.94634230425 :impA:
  -9.95482903027 :impB:
   0.03014825318 :impC:
  -4.22553380273:delA:
   1.12605708876:delB:
   6.17601576100:asym:
  -0.04154424980:ann1:
  -0.13642376274:ann2:
   0.02290887301:sem1:
   0.00691092504:sem2:
  -0.00000548602:year:
  -0.50870835931:IR:
   0.00009159526 :mA:
   0.00551492872 :mP:
   0.00287486704 :shiftT:
  -1.69578693644 :init:
---- Tidal ----
  27.32166155400,   -0.00001419839,    1.79024987047,  1, -108,  1.77623886906348E-04
  27.21222081500,   -0.00249970759,   -1.34084564995,  2, -272,  1.45338192292238E-03
1095.17502233364,   -0.01967375347,   -0.67018974848,  3, -22306,  8.85962424783802E-05
  13.63341568476,    0.12528345214,    1.58893237622,  4, -3,  1.29171237914516E-01
  13.66083077700,    0.29610784137,    0.63829161689,  5, -6,  3.16052361589228E-01
  13.60611040750,    0.00114183199,    2.52810930400,  6, -89,  1.05495004760776E-02
  27.55454988600,    0.09798034908,    0.17336188529,  7,  14,  8.56629278001492E-02
  13.77727494300,    0.02930766666,   -2.77304000895,  8,  116,  1.35418900723381E-02
6793.47648813065,    0.00193851667,    5.93400408717,  9,  66,  1.16524059389948E-03
1616.30271425126,    0.00643454426,   -4.04816812421,  10,  339,  1.46720429301758E-03
  31.81209388759,    0.01933399812,    0.15722279540,  11,  26,  1.53414059965656E-02
1305.66025845931,    0.01553367486,    1.19622773938,  12,  5106,  2.98368588796921E-04
  27.44323926226,    0.00207539471,   -2.07586883401,  13, -52,  4.29950689838425E-03
  27.66676714572,    0.00466475663,    2.94705546980,  14, -37,  7.42627797899312E-03
2190.35004466729,    0.00180114512,   -2.12464278236,  15,  43,  1.26228572738325E-03
  26.98505934729,   -0.00007328082,    1.33568369116,  16, -102,  3.08045699399523E-03
6167.20701373239,    0.00322103844,    0.07186813371,  17,  741,  3.82781565939231E-04
-3232.60542850251,    0.01123131375,    0.26270715149,  18,  1418,  7.39836273275383E-04
-2120.90900683440,    0.00570280496,    7.11881544919,  19,  554,  8.71545684577268E-04
   9.13295078376,    0.09049457411,   -2.20797555022,  20,  6,  8.57409652860247E-02
   9.12068919638,    0.03662289437,   -1.40612649734,  21,  3,  3.54487787515200E-02
   9.10846048884,    0.00483989301,   -0.98665493017,  22,  62,  2.99015012159045E-03
3396.73824406533,    0.00298618601,   -1.24176651664,  23,  281,  7.83820532879417E-04
1656.31999626209,   -0.00201518839,    0.07757567365,  24, -232,  1.52672677346090E-03
   9.55688763074,    0.02407924464,   -2.43785669613,  25,  56,  1.54291153559962E-02
   9.18484996200,    0.01197188380,    0.74055425422,  26,  420,  2.30300643600180E-03
   9.54346213418,    0.01317013824,   -1.17791231601,  27,  105,  6.41575739312582E-03
   7.08840687523,    0.00550692814,    1.83888131214,  28, -10,  6.13844639861586E-03
   6.85248390316,    0.00853010447,    2.34758906269,  29,  109,  4.07738907699251E-03
   6.85940288609,    0.03271055580,    1.09864386687,  30,  118,  1.50362860516268E-02
   7.09581074183,    0.02138924433,    0.96059119383,  31,  24,  1.72062554309454E-02
   5.64270811399,    0.00593852279,   -1.74581131854,  32,  28,  4.63897006263658E-03
  14.76532733342,    0.02825005737,   -2.91375377363,  33,  11,  2.53379304577090E-02
   9.61373178099,    0.00644542614,    0.90139473431,  34, -5,  6.79787728685529E-03
  27.09267692660,    0.01271111328,    0.03814908672,  35,  160,  4.88821334805157E-03
   5.63802513169,   -0.00543091346,   -2.00761380846,  36, -964,  6.28536786659866E-04
   5.49218394831,    0.00336465367,   -2.23688997872,  37,  200,  1.12012503535197E-03
  14.79748903586,    0.00412994643,   -4.08885729347,  38,  44,  2.87069441270983E-03
  14.73330513192,    0.00000003754,    2.96578794048,  39, -100,  2.87685651163846E-03
  15.38737221111,   -0.00603504764,   -1.70687924658,  40, -683,  1.03507948675646E-03
  23.94211513616,   -0.00433762098,    1.49460131161,  41, -1093,  4.36628873440457E-04
 182.62314798199,    0.02496175558,   -0.63712974865,  42,  5,  2.38491385123563E-02
---- LTE ----
   0.00000000000 :ridge:
   1.00000000000 :coverage:
 FALSE :enclosing:
 UL :enclosed:
  -0.04384543615 :trend:
   0.00033594649 :accel:
-28989.26558131539 :K0:
1498.69948685207 :level:
  -0.01881658540,    0.00000000000,    0.00000000000 1
   0.08104038838,    0.00000000000,    0.00000000000-6
  -0.01342612520, 343680.40617327229,   -3.13747271519 1
```
CC   0.6194090545 V:   0.3867687008  -0.1637472773   3 1
records from  1 ...  20829
factors from  1 ...  42
updated forcing  2019.03045764056
   0.97108046014=CC  365.24629596398=Yr
   0.96910377020:dLOD:    365.24629596398:Yr: w.dat```
   0.00240153620 :offset:
   0.40112768952 :bg:
  -5.94634230425 :impA:
  -9.95482903027 :impB:
   0.03014825318 :impC:
  -4.22553380273:delA:
   1.12605708876:delB:
   6.17601576100:asym:
  -0.04154424980:ann1:
  -0.13642376274:ann2:
   0.02290887301:sem1:
   0.00691092504:sem2:
  -0.00000548602:year:
  -0.50870835931:IR:
   0.00009159526 :mA:
   0.00551492872 :mP:
   0.00287486704 :shiftT:
  -1.69578693644 :init:
---- Tidal ----
  27.32166155400,   -0.00001419839,    1.79024987047,  1, -108,  1.77623886906348E-04
  27.21222081500,   -0.00249970759,   -1.34084564995,  2, -272,  1.45338192292238E-03
1095.17502233364,   -0.01967375347,   -0.67018974848,  3, -22306,  8.85962424783802E-05
  13.63341568476,    0.12528345214,    1.58893237622,  4, -3,  1.29171237914516E-01
  13.66083077700,    0.29610784137,    0.63829161689,  5, -6,  3.16052361589228E-01
  13.60611040750,    0.00114183199,    2.52810930400,  6, -89,  1.05495004760776E-02
  27.55454988600,    0.09798034908,    0.17336188529,  7,  14,  8.56629278001492E-02
  13.77727494300,    0.02930766666,   -2.77304000895,  8,  116,  1.35418900723381E-02
6793.47648813065,    0.00193851667,    5.93400408717,  9,  66,  1.16524059389948E-03
1616.30271425126,    0.00643454426,   -4.04816812421,  10,  339,  1.46720429301758E-03
  31.81209388759,    0.01933399812,    0.15722279540,  11,  26,  1.53414059965656E-02
1305.66025845931,    0.01553367486,    1.19622773938,  12,  5106,  2.98368588796921E-04
  27.44323926226,    0.00207539471,   -2.07586883401,  13, -52,  4.29950689838425E-03
  27.66676714572,    0.00466475663,    2.94705546980,  14, -37,  7.42627797899312E-03
2190.35004466729,    0.00180114512,   -2.12464278236,  15,  43,  1.26228572738325E-03
  26.98505934729,   -0.00007328082,    1.33568369116,  16, -102,  3.08045699399523E-03
6167.20701373239,    0.00322103844,    0.07186813371,  17,  741,  3.82781565939231E-04
-3232.60542850251,    0.01123131375,    0.26270715149,  18,  1418,  7.39836273275383E-04
-2120.90900683440,    0.00570280496,    7.11881544919,  19,  554,  8.71545684577268E-04
   9.13295078376,    0.09049457411,   -2.20797555022,  20,  6,  8.57409652860247E-02
   9.12068919638,    0.03662289437,   -1.40612649734,  21,  3,  3.54487787515200E-02
   9.10846048884,    0.00483989301,   -0.98665493017,  22,  62,  2.99015012159045E-03
3396.73824406533,    0.00298618601,   -1.24176651664,  23,  281,  7.83820532879417E-04
1656.31999626209,   -0.00201518839,    0.07757567365,  24, -232,  1.52672677346090E-03
   9.55688763074,    0.02407924464,   -2.43785669613,  25,  56,  1.54291153559962E-02
   9.18484996200,    0.01197188380,    0.74055425422,  26,  420,  2.30300643600180E-03
   9.54346213418,    0.01317013824,   -1.17791231601,  27,  105,  6.41575739312582E-03
   7.08840687523,    0.00550692814,    1.83888131214,  28, -10,  6.13844639861586E-03
   6.85248390316,    0.00853010447,    2.34758906269,  29,  109,  4.07738907699251E-03
   6.85940288609,    0.03271055580,    1.09864386687,  30,  118,  1.50362860516268E-02
   7.09581074183,    0.02138924433,    0.96059119383,  31,  24,  1.72062554309454E-02
   5.64270811399,    0.00593852279,   -1.74581131854,  32,  28,  4.63897006263658E-03
  14.76532733342,    0.02825005737,   -2.91375377363,  33,  11,  2.53379304577090E-02
   9.61373178099,    0.00644542614,    0.90139473431,  34, -5,  6.79787728685529E-03
  27.09267692660,    0.01271111328,    0.03814908672,  35,  160,  4.88821334805157E-03
   5.63802513169,   -0.00543091346,   -2.00761380846,  36, -964,  6.28536786659866E-04
   5.49218394831,    0.00336465367,   -2.23688997872,  37,  200,  1.12012503535197E-03
  14.79748903586,    0.00412994643,   -4.08885729347,  38,  44,  2.87069441270983E-03
  14.73330513192,    0.00000003754,    2.96578794048,  39, -100,  2.87685651163846E-03
  15.38737221111,   -0.00603504764,   -1.70687924658,  40, -683,  1.03507948675646E-03
  23.94211513616,   -0.00433762098,    1.49460131161,  41, -1093,  4.36628873440457E-04
 182.62314798199,    0.02496175558,   -0.63712974865,  42,  5,  2.38491385123563E-02
---- LTE ----
   0.00000000000 :ridge:
   1.00000000000 :coverage:
 FALSE :enclosing:
 UL :enclosed:
  -0.04384543615 :trend:
   0.00033594649 :accel:
-28989.26558131539 :K0:
1498.69948685207 :level:
  -0.01881658540,    0.00000000000,    0.00000000000 1
   0.08104038838,    0.00000000000,    0.00000000000-6
  -0.01342612520, 343680.40617327229,   -3.13747271519 1
```
CC   0.6194090545 V:   0.3867687008  -0.1637472773   4 1
records from  1 ...  20829
factors from  1 ...  42
updated forcing  2019.03045764056
   0.97108046014=CC  365.24629596398=Yr
   0.96910377020:dLOD:    365.24629596398:Yr: w.dat```
   0.00240153620 :offset:
   0.40112768952 :bg:
  -5.94634230425 :impA:
  -9.95482903027 :impB:
   0.03014825318 :impC:
  -4.22553380273:delA:
   1.12605708876:delB:
   6.17601576100:asym:
  -0.04154424980:ann1:
  -0.13642376274:ann2:
   0.02290887301:sem1:
   0.00691092504:sem2:
  -0.00000548602:year:
  -0.50870835931:IR:
   0.00009159526 :mA:
   0.00551492872 :mP:
   0.00287486704 :shiftT:
  -1.69578693644 :init:
---- Tidal ----
  27.32166155400,   -0.00001419839,    1.79024987047,  1, -108,  1.77623886906348E-04
  27.21222081500,   -0.00249970759,   -1.34084564995,  2, -272,  1.45338192292238E-03
1095.17502233364,   -0.01967375347,   -0.67018974848,  3, -22306,  8.85962424783802E-05
  13.63341568476,    0.12528345214,    1.58893237622,  4, -3,  1.29171237914516E-01
  13.66083077700,    0.29610784137,    0.63829161689,  5, -6,  3.16052361589228E-01
  13.60611040750,    0.00114183199,    2.52810930400,  6, -89,  1.05495004760776E-02
  27.55454988600,    0.09798034908,    0.17336188529,  7,  14,  8.56629278001492E-02
  13.77727494300,    0.02930766666,   -2.77304000895,  8,  116,  1.35418900723381E-02
6793.47648813065,    0.00193851667,    5.93400408717,  9,  66,  1.16524059389948E-03
1616.30271425126,    0.00643454426,   -4.04816812421,  10,  339,  1.46720429301758E-03
  31.81209388759,    0.01933399812,    0.15722279540,  11,  26,  1.53414059965656E-02
1305.66025845931,    0.01553367486,    1.19622773938,  12,  5106,  2.98368588796921E-04
  27.44323926226,    0.00207539471,   -2.07586883401,  13, -52,  4.29950689838425E-03
  27.66676714572,    0.00466475663,    2.94705546980,  14, -37,  7.42627797899312E-03
2190.35004466729,    0.00180114512,   -2.12464278236,  15,  43,  1.26228572738325E-03
  26.98505934729,   -0.00007328082,    1.33568369116,  16, -102,  3.08045699399523E-03
6167.20701373239,    0.00322103844,    0.07186813371,  17,  741,  3.82781565939231E-04
-3232.60542850251,    0.01123131375,    0.26270715149,  18,  1418,  7.39836273275383E-04
-2120.90900683440,    0.00570280496,    7.11881544919,  19,  554,  8.71545684577268E-04
   9.13295078376,    0.09049457411,   -2.20797555022,  20,  6,  8.57409652860247E-02
   9.12068919638,    0.03662289437,   -1.40612649734,  21,  3,  3.54487787515200E-02
   9.10846048884,    0.00483989301,   -0.98665493017,  22,  62,  2.99015012159045E-03
3396.73824406533,    0.00298618601,   -1.24176651664,  23,  281,  7.83820532879417E-04
1656.31999626209,   -0.00201518839,    0.07757567365,  24, -232,  1.52672677346090E-03
   9.55688763074,    0.02407924464,   -2.43785669613,  25,  56,  1.54291153559962E-02
   9.18484996200,    0.01197188380,    0.74055425422,  26,  420,  2.30300643600180E-03
   9.54346213418,    0.01317013824,   -1.17791231601,  27,  105,  6.41575739312582E-03
   7.08840687523,    0.00550692814,    1.83888131214,  28, -10,  6.13844639861586E-03
   6.85248390316,    0.00853010447,    2.34758906269,  29,  109,  4.07738907699251E-03
   6.85940288609,    0.03271055580,    1.09864386687,  30,  118,  1.50362860516268E-02
   7.09581074183,    0.02138924433,    0.96059119383,  31,  24,  1.72062554309454E-02
   5.64270811399,    0.00593852279,   -1.74581131854,  32,  28,  4.63897006263658E-03
  14.76532733342,    0.02825005737,   -2.91375377363,  33,  11,  2.53379304577090E-02
   9.61373178099,    0.00644542614,    0.90139473431,  34, -5,  6.79787728685529E-03
  27.09267692660,    0.01271111328,    0.03814908672,  35,  160,  4.88821334805157E-03
   5.63802513169,   -0.00543091346,   -2.00761380846,  36, -964,  6.28536786659866E-04
   5.49218394831,    0.00336465367,   -2.23688997872,  37,  200,  1.12012503535197E-03
  14.79748903586,    0.00412994643,   -4.08885729347,  38,  44,  2.87069441270983E-03
  14.73330513192,    0.00000003754,    2.96578794048,  39, -100,  2.87685651163846E-03
  15.38737221111,   -0.00603504764,   -1.70687924658,  40, -683,  1.03507948675646E-03
  23.94211513616,   -0.00433762098,    1.49460131161,  41, -1093,  4.36628873440457E-04
 182.62314798199,    0.02496175558,   -0.63712974865,  42,  5,  2.38491385123563E-02
---- LTE ----
   0.00000000000 :ridge:
   1.00000000000 :coverage:
 FALSE :enclosing:
 UL :enclosed:
  -0.04384543615 :trend:
   0.00033594649 :accel:
-28989.26558131539 :K0:
1498.69948685207 :level:
  -0.01881658540,    0.00000000000,    0.00000000000 1
   0.08104038838,    0.00000000000,    0.00000000000-6
  -0.01342612520, 343680.40617327229,   -3.13747271519 1
```
CC   0.6194090545 V:   0.3867687008  -0.1637472773   5 1
records from  1 ...  20829
factors from  1 ...  42
updated forcing  2019.03045764056
   0.97108046014=CC  365.24629596398=Yr
   0.96910377020:dLOD:    365.24629596398:Yr: w.dat```
   0.00240153620 :offset:
   0.40112768952 :bg:
  -5.94634230425 :impA:
  -9.95482903027 :impB:
   0.03014825318 :impC:
  -4.22553380273:delA:
   1.12605708876:delB:
   6.17601576100:asym:
  -0.04154424980:ann1:
  -0.13642376274:ann2:
   0.02290887301:sem1:
   0.00691092504:sem2:
  -0.00000548602:year:
  -0.50870835931:IR:
   0.00009159526 :mA:
   0.00551492872 :mP:
   0.00287486704 :shiftT:
  -1.69578693644 :init:
---- Tidal ----
  27.32166155400,   -0.00001419839,    1.79024987047,  1, -108,  1.77623886906348E-04
  27.21222081500,   -0.00249970759,   -1.34084564995,  2, -272,  1.45338192292238E-03
1095.17502233364,   -0.01967375347,   -0.67018974848,  3, -22306,  8.85962424783802E-05
  13.63341568476,    0.12528345214,    1.58893237622,  4, -3,  1.29171237914516E-01
  13.66083077700,    0.29610784137,    0.63829161689,  5, -6,  3.16052361589228E-01
  13.60611040750,    0.00114183199,    2.52810930400,  6, -89,  1.05495004760776E-02
  27.55454988600,    0.09798034908,    0.17336188529,  7,  14,  8.56629278001492E-02
  13.77727494300,    0.02930766666,   -2.77304000895,  8,  116,  1.35418900723381E-02
6793.47648813065,    0.00193851667,    5.93400408717,  9,  66,  1.16524059389948E-03
1616.30271425126,    0.00643454426,   -4.04816812421,  10,  339,  1.46720429301758E-03
  31.81209388759,    0.01933399812,    0.15722279540,  11,  26,  1.53414059965656E-02
1305.66025845931,    0.01553367486,    1.19622773938,  12,  5106,  2.98368588796921E-04
  27.44323926226,    0.00207539471,   -2.07586883401,  13, -52,  4.29950689838425E-03
  27.66676714572,    0.00466475663,    2.94705546980,  14, -37,  7.42627797899312E-03
2190.35004466729,    0.00180114512,   -2.12464278236,  15,  43,  1.26228572738325E-03
  26.98505934729,   -0.00007328082,    1.33568369116,  16, -102,  3.08045699399523E-03
6167.20701373239,    0.00322103844,    0.07186813371,  17,  741,  3.82781565939231E-04
-3232.60542850251,    0.01123131375,    0.26270715149,  18,  1418,  7.39836273275383E-04
-2120.90900683440,    0.00570280496,    7.11881544919,  19,  554,  8.71545684577268E-04
   9.13295078376,    0.09049457411,   -2.20797555022,  20,  6,  8.57409652860247E-02
   9.12068919638,    0.03662289437,   -1.40612649734,  21,  3,  3.54487787515200E-02
   9.10846048884,    0.00483989301,   -0.98665493017,  22,  62,  2.99015012159045E-03
3396.73824406533,    0.00298618601,   -1.24176651664,  23,  281,  7.83820532879417E-04
1656.31999626209,   -0.00201518839,    0.07757567365,  24, -232,  1.52672677346090E-03
   9.55688763074,    0.02407924464,   -2.43785669613,  25,  56,  1.54291153559962E-02
   9.18484996200,    0.01197188380,    0.74055425422,  26,  420,  2.30300643600180E-03
   9.54346213418,    0.01317013824,   -1.17791231601,  27,  105,  6.41575739312582E-03
   7.08840687523,    0.00550692814,    1.83888131214,  28, -10,  6.13844639861586E-03
   6.85248390316,    0.00853010447,    2.34758906269,  29,  109,  4.07738907699251E-03
   6.85940288609,    0.03271055580,    1.09864386687,  30,  118,  1.50362860516268E-02
   7.09581074183,    0.02138924433,    0.96059119383,  31,  24,  1.72062554309454E-02
   5.64270811399,    0.00593852279,   -1.74581131854,  32,  28,  4.63897006263658E-03
  14.76532733342,    0.02825005737,   -2.91375377363,  33,  11,  2.53379304577090E-02
   9.61373178099,    0.00644542614,    0.90139473431,  34, -5,  6.79787728685529E-03
  27.09267692660,    0.01271111328,    0.03814908672,  35,  160,  4.88821334805157E-03
   5.63802513169,   -0.00543091346,   -2.00761380846,  36, -964,  6.28536786659866E-04
   5.49218394831,    0.00336465367,   -2.23688997872,  37,  200,  1.12012503535197E-03
  14.79748903586,    0.00412994643,   -4.08885729347,  38,  44,  2.87069441270983E-03
  14.73330513192,    0.00000003754,    2.96578794048,  39, -100,  2.87685651163846E-03
  15.38737221111,   -0.00603504764,   -1.70687924658,  40, -683,  1.03507948675646E-03
  23.94211513616,   -0.00433762098,    1.49460131161,  41, -1093,  4.36628873440457E-04
 182.62314798199,    0.02496175558,   -0.63712974865,  42,  5,  2.38491385123563E-02
---- LTE ----
   0.00000000000 :ridge:
   1.00000000000 :coverage:
 FALSE :enclosing:
 UL :enclosed:
  -0.04384543615 :trend:
   0.00033594649 :accel:
-28989.26558131539 :K0:
1498.69948685207 :level:
  -0.01881658540,    0.00000000000,    0.00000000000 1
   0.08104038838,    0.00000000000,    0.00000000000-6
  -0.01342612520, 343680.40617327229,   -3.13747271519 1
```
CC   0.6194090545 V:   0.3867687008  -0.1637472773   6 1
records from  1 ...  20829
factors from  1 ...  42
updated forcing  2019.03045764056
   0.97108046014=CC  365.24629596398=Yr
   0.96910377020:dLOD:    365.24629596398:Yr: w.dat```
   0.00240153620 :offset:
   0.40112768952 :bg:
  -5.94634230425 :impA:
  -9.95482903027 :impB:
   0.03014825318 :impC:
  -4.22553380273:delA:
   1.12605708876:delB:
   6.17601576100:asym:
  -0.04154424980:ann1:
  -0.13642376274:ann2:
   0.02290887301:sem1:
   0.00691092504:sem2:
  -0.00000548602:year:
  -0.50870835931:IR:
   0.00009159526 :mA:
   0.00551492872 :mP:
   0.00287486704 :shiftT:
  -1.69578693644 :init:
---- Tidal ----
  27.32166155400,   -0.00001419839,    1.79024987047,  1, -108,  1.77623886906348E-04
  27.21222081500,   -0.00249970759,   -1.34084564995,  2, -272,  1.45338192292238E-03
1095.17502233364,   -0.01967375347,   -0.67018974848,  3, -22306,  8.85962424783802E-05
  13.63341568476,    0.12528345214,    1.58893237622,  4, -3,  1.29171237914516E-01
  13.66083077700,    0.29610784137,    0.63829161689,  5, -6,  3.16052361589228E-01
  13.60611040750,    0.00114183199,    2.52810930400,  6, -89,  1.05495004760776E-02
  27.55454988600,    0.09798034908,    0.17336188529,  7,  14,  8.56629278001492E-02
  13.77727494300,    0.02930766666,   -2.77304000895,  8,  116,  1.35418900723381E-02
6793.47648813065,    0.00193851667,    5.93400408717,  9,  66,  1.16524059389948E-03
1616.30271425126,    0.00643454426,   -4.04816812421,  10,  339,  1.46720429301758E-03
  31.81209388759,    0.01933399812,    0.15722279540,  11,  26,  1.53414059965656E-02
1305.66025845931,    0.01553367486,    1.19622773938,  12,  5106,  2.98368588796921E-04
  27.44323926226,    0.00207539471,   -2.07586883401,  13, -52,  4.29950689838425E-03
  27.66676714572,    0.00466475663,    2.94705546980,  14, -37,  7.42627797899312E-03
2190.35004466729,    0.00180114512,   -2.12464278236,  15,  43,  1.26228572738325E-03
  26.98505934729,   -0.00007328082,    1.33568369116,  16, -102,  3.08045699399523E-03
6167.20701373239,    0.00322103844,    0.07186813371,  17,  741,  3.82781565939231E-04
-3232.60542850251,    0.01123131375,    0.26270715149,  18,  1418,  7.39836273275383E-04
-2120.90900683440,    0.00570280496,    7.11881544919,  19,  554,  8.71545684577268E-04
   9.13295078376,    0.09049457411,   -2.20797555022,  20,  6,  8.57409652860247E-02
   9.12068919638,    0.03662289437,   -1.40612649734,  21,  3,  3.54487787515200E-02
   9.10846048884,    0.00483989301,   -0.98665493017,  22,  62,  2.99015012159045E-03
3396.73824406533,    0.00298618601,   -1.24176651664,  23,  281,  7.83820532879417E-04
1656.31999626209,   -0.00201518839,    0.07757567365,  24, -232,  1.52672677346090E-03
   9.55688763074,    0.02407924464,   -2.43785669613,  25,  56,  1.54291153559962E-02
   9.18484996200,    0.01197188380,    0.74055425422,  26,  420,  2.30300643600180E-03
   9.54346213418,    0.01317013824,   -1.17791231601,  27,  105,  6.41575739312582E-03
   7.08840687523,    0.00550692814,    1.83888131214,  28, -10,  6.13844639861586E-03
   6.85248390316,    0.00853010447,    2.34758906269,  29,  109,  4.07738907699251E-03
   6.85940288609,    0.03271055580,    1.09864386687,  30,  118,  1.50362860516268E-02
   7.09581074183,    0.02138924433,    0.96059119383,  31,  24,  1.72062554309454E-02
   5.64270811399,    0.00593852279,   -1.74581131854,  32,  28,  4.63897006263658E-03
  14.76532733342,    0.02825005737,   -2.91375377363,  33,  11,  2.53379304577090E-02
   9.61373178099,    0.00644542614,    0.90139473431,  34, -5,  6.79787728685529E-03
  27.09267692660,    0.01271111328,    0.03814908672,  35,  160,  4.88821334805157E-03
   5.63802513169,   -0.00543091346,   -2.00761380846,  36, -964,  6.28536786659866E-04
   5.49218394831,    0.00336465367,   -2.23688997872,  37,  200,  1.12012503535197E-03
  14.79748903586,    0.00412994643,   -4.08885729347,  38,  44,  2.87069441270983E-03
  14.73330513192,    0.00000003754,    2.96578794048,  39, -100,  2.87685651163846E-03
  15.38737221111,   -0.00603504764,   -1.70687924658,  40, -683,  1.03507948675646E-03
  23.94211513616,   -0.00433762098,    1.49460131161,  41, -1093,  4.36628873440457E-04
 182.62314798199,    0.02496175558,   -0.63712974865,  42,  5,  2.38491385123563E-02
---- LTE ----
   0.00000000000 :ridge:
   1.00000000000 :coverage:
 FALSE :enclosing:
 UL :enclosed:
  -0.04384543615 :trend:
   0.00033594649 :accel:
-28989.26558131539 :K0:
1498.69948685207 :level:
  -0.01881658540,    0.00000000000,    0.00000000000 1
   0.08104038838,    0.00000000000,    0.00000000000-6
  -0.01342612520, 343680.40617327229,   -3.13747271519 1
```
CC   0.6194090545 V:   0.3867687008  -0.1637472773   7 1
records from  1 ...  20829
factors from  1 ...  42
updated forcing  2019.03045764056
   0.97108046014=CC  365.24629596398=Yr
   0.96910377020:dLOD:    365.24629596398:Yr: w.dat```
   0.00240153620 :offset:
   0.40112768952 :bg:
  -5.94634230425 :impA:
  -9.95482903027 :impB:
   0.03014825318 :impC:
  -4.22553380273:delA:
   1.12605708876:delB:
   6.17601576100:asym:
  -0.04154424980:ann1:
  -0.13642376274:ann2:
   0.02290887301:sem1:
   0.00691092504:sem2:
  -0.00000548602:year:
  -0.50870835931:IR:
   0.00009159526 :mA:
   0.00551492872 :mP:
   0.00287486704 :shiftT:
  -1.69578693644 :init:
---- Tidal ----
  27.32166155400,   -0.00001419839,    1.79024987047,  1, -108,  1.77623886906348E-04
  27.21222081500,   -0.00249970759,   -1.34084564995,  2, -272,  1.45338192292238E-03
1095.17502233364,   -0.01967375347,   -0.67018974848,  3, -22306,  8.85962424783802E-05
  13.63341568476,    0.12528345214,    1.58893237622,  4, -3,  1.29171237914516E-01
  13.66083077700,    0.29610784137,    0.63829161689,  5, -6,  3.16052361589228E-01
  13.60611040750,    0.00114183199,    2.52810930400,  6, -89,  1.05495004760776E-02
  27.55454988600,    0.09798034908,    0.17336188529,  7,  14,  8.56629278001492E-02
  13.77727494300,    0.02930766666,   -2.77304000895,  8,  116,  1.35418900723381E-02
6793.47648813065,    0.00193851667,    5.93400408717,  9,  66,  1.16524059389948E-03
1616.30271425126,    0.00643454426,   -4.04816812421,  10,  339,  1.46720429301758E-03
  31.81209388759,    0.01933399812,    0.15722279540,  11,  26,  1.53414059965656E-02
1305.66025845931,    0.01553367486,    1.19622773938,  12,  5106,  2.98368588796921E-04
  27.44323926226,    0.00207539471,   -2.07586883401,  13, -52,  4.29950689838425E-03
  27.66676714572,    0.00466475663,    2.94705546980,  14, -37,  7.42627797899312E-03
2190.35004466729,    0.00180114512,   -2.12464278236,  15,  43,  1.26228572738325E-03
  26.98505934729,   -0.00007328082,    1.33568369116,  16, -102,  3.08045699399523E-03
6167.20701373239,    0.00322103844,    0.07186813371,  17,  741,  3.82781565939231E-04
-3232.60542850251,    0.01123131375,    0.26270715149,  18,  1418,  7.39836273275383E-04
-2120.90900683440,    0.00570280496,    7.11881544919,  19,  554,  8.71545684577268E-04
   9.13295078376,    0.09049457411,   -2.20797555022,  20,  6,  8.57409652860247E-02
   9.12068919638,    0.03662289437,   -1.40612649734,  21,  3,  3.54487787515200E-02
   9.10846048884,    0.00483989301,   -0.98665493017,  22,  62,  2.99015012159045E-03
3396.73824406533,    0.00298618601,   -1.24176651664,  23,  281,  7.83820532879417E-04
1656.31999626209,   -0.00201518839,    0.07757567365,  24, -232,  1.52672677346090E-03
   9.55688763074,    0.02407924464,   -2.43785669613,  25,  56,  1.54291153559962E-02
   9.18484996200,    0.01197188380,    0.74055425422,  26,  420,  2.30300643600180E-03
   9.54346213418,    0.01317013824,   -1.17791231601,  27,  105,  6.41575739312582E-03
   7.08840687523,    0.00550692814,    1.83888131214,  28, -10,  6.13844639861586E-03
   6.85248390316,    0.00853010447,    2.34758906269,  29,  109,  4.07738907699251E-03
   6.85940288609,    0.03271055580,    1.09864386687,  30,  118,  1.50362860516268E-02
   7.09581074183,    0.02138924433,    0.96059119383,  31,  24,  1.72062554309454E-02
   5.64270811399,    0.00593852279,   -1.74581131854,  32,  28,  4.63897006263658E-03
  14.76532733342,    0.02825005737,   -2.91375377363,  33,  11,  2.53379304577090E-02
   9.61373178099,    0.00644542614,    0.90139473431,  34, -5,  6.79787728685529E-03
  27.09267692660,    0.01271111328,    0.03814908672,  35,  160,  4.88821334805157E-03
   5.63802513169,   -0.00543091346,   -2.00761380846,  36, -964,  6.28536786659866E-04
   5.49218394831,    0.00336465367,   -2.23688997872,  37,  200,  1.12012503535197E-03
  14.79748903586,    0.00412994643,   -4.08885729347,  38,  44,  2.87069441270983E-03
  14.73330513192,    0.00000003754,    2.96578794048,  39, -100,  2.87685651163846E-03
  15.38737221111,   -0.00603504764,   -1.70687924658,  40, -683,  1.03507948675646E-03
  23.94211513616,   -0.00433762098,    1.49460131161,  41, -1093,  4.36628873440457E-04
 182.62314798199,    0.02496175558,   -0.63712974865,  42,  5,  2.38491385123563E-02
---- LTE ----
   0.00000000000 :ridge:
   1.00000000000 :coverage:
 FALSE :enclosing:
 UL :enclosed:
  -0.04384543615 :trend:
   0.00033594649 :accel:
-28989.26558131539 :K0:
1498.69948685207 :level:
  -0.01881658540,    0.00000000000,    0.00000000000 1
   0.08104038838,    0.00000000000,    0.00000000000-6
  -0.01342612520, 343680.40617327229,   -3.13747271519 1
```
CC   0.6194090545 V:   0.3867687008  -0.1637472773   8 1
records from  1 ...  20829
factors from  1 ...  42
updated forcing  2019.03045764056
   0.97108046014=CC  365.24629596398=Yr
   0.96910377020:dLOD:    365.24629596398:Yr: w.dat```
   0.00240153620 :offset:
   0.40112768952 :bg:
  -5.94634230425 :impA:
  -9.95482903027 :impB:
   0.03014825318 :impC:
  -4.22553380273:delA:
   1.12605708876:delB:
   6.17601576100:asym:
  -0.04154424980:ann1:
  -0.13642376274:ann2:
   0.02290887301:sem1:
   0.00691092504:sem2:
  -0.00000548602:year:
  -0.50870835931:IR:
   0.00009159526 :mA:
   0.00551492872 :mP:
   0.00287486704 :shiftT:
  -1.69578693644 :init:
---- Tidal ----
  27.32166155400,   -0.00001419839,    1.79024987047,  1, -108,  1.77623886906348E-04
  27.21222081500,   -0.00249970759,   -1.34084564995,  2, -272,  1.45338192292238E-03
1095.17502233364,   -0.01967375347,   -0.67018974848,  3, -22306,  8.85962424783802E-05
  13.63341568476,    0.12528345214,    1.58893237622,  4, -3,  1.29171237914516E-01
  13.66083077700,    0.29610784137,    0.63829161689,  5, -6,  3.16052361589228E-01
  13.60611040750,    0.00114183199,    2.52810930400,  6, -89,  1.05495004760776E-02
  27.55454988600,    0.09798034908,    0.17336188529,  7,  14,  8.56629278001492E-02
  13.77727494300,    0.02930766666,   -2.77304000895,  8,  116,  1.35418900723381E-02
6793.47648813065,    0.00193851667,    5.93400408717,  9,  66,  1.16524059389948E-03
1616.30271425126,    0.00643454426,   -4.04816812421,  10,  339,  1.46720429301758E-03
  31.81209388759,    0.01933399812,    0.15722279540,  11,  26,  1.53414059965656E-02
1305.66025845931,    0.01553367486,    1.19622773938,  12,  5106,  2.98368588796921E-04
  27.44323926226,    0.00207539471,   -2.07586883401,  13, -52,  4.29950689838425E-03
  27.66676714572,    0.00466475663,    2.94705546980,  14, -37,  7.42627797899312E-03
2190.35004466729,    0.00180114512,   -2.12464278236,  15,  43,  1.26228572738325E-03
  26.98505934729,   -0.00007328082,    1.33568369116,  16, -102,  3.08045699399523E-03
6167.20701373239,    0.00322103844,    0.07186813371,  17,  741,  3.82781565939231E-04
-3232.60542850251,    0.01123131375,    0.26270715149,  18,  1418,  7.39836273275383E-04
-2120.90900683440,    0.00570280496,    7.11881544919,  19,  554,  8.71545684577268E-04
   9.13295078376,    0.09049457411,   -2.20797555022,  20,  6,  8.57409652860247E-02
   9.12068919638,    0.03662289437,   -1.40612649734,  21,  3,  3.54487787515200E-02
   9.10846048884,    0.00483989301,   -0.98665493017,  22,  62,  2.99015012159045E-03
3396.73824406533,    0.00298618601,   -1.24176651664,  23,  281,  7.83820532879417E-04
1656.31999626209,   -0.00201518839,    0.07757567365,  24, -232,  1.52672677346090E-03
   9.55688763074,    0.02407924464,   -2.43785669613,  25,  56,  1.54291153559962E-02
   9.18484996200,    0.01197188380,    0.74055425422,  26,  420,  2.30300643600180E-03
   9.54346213418,    0.01317013824,   -1.17791231601,  27,  105,  6.41575739312582E-03
   7.08840687523,    0.00550692814,    1.83888131214,  28, -10,  6.13844639861586E-03
   6.85248390316,    0.00853010447,    2.34758906269,  29,  109,  4.07738907699251E-03
   6.85940288609,    0.03271055580,    1.09864386687,  30,  118,  1.50362860516268E-02
   7.09581074183,    0.02138924433,    0.96059119383,  31,  24,  1.72062554309454E-02
   5.64270811399,    0.00593852279,   -1.74581131854,  32,  28,  4.63897006263658E-03
  14.76532733342,    0.02825005737,   -2.91375377363,  33,  11,  2.53379304577090E-02
   9.61373178099,    0.00644542614,    0.90139473431,  34, -5,  6.79787728685529E-03
  27.09267692660,    0.01271111328,    0.03814908672,  35,  160,  4.88821334805157E-03
   5.63802513169,   -0.00543091346,   -2.00761380846,  36, -964,  6.28536786659866E-04
   5.49218394831,    0.00336465367,   -2.23688997872,  37,  200,  1.12012503535197E-03
  14.79748903586,    0.00412994643,   -4.08885729347,  38,  44,  2.87069441270983E-03
  14.73330513192,    0.00000003754,    2.96578794048,  39, -100,  2.87685651163846E-03
  15.38737221111,   -0.00603504764,   -1.70687924658,  40, -683,  1.03507948675646E-03
  23.94211513616,   -0.00433762098,    1.49460131161,  41, -1093,  4.36628873440457E-04
 182.62314798199,    0.02496175558,   -0.63712974865,  42,  5,  2.38491385123563E-02
---- LTE ----
   0.00000000000 :ridge:
   1.00000000000 :coverage:
 FALSE :enclosing:
 UL :enclosed:
  -0.04384543615 :trend:
   0.00033594649 :accel:
-28989.26558131539 :K0:
1498.69948685207 :level:
  -0.01881658540,    0.00000000000,    0.00000000000 1
   0.08104038838,    0.00000000000,    0.00000000000-6
  -0.01342612520, 343680.40617327229,   -3.13747271519 1
```
CC   0.6194090545 V:   0.3867687008  -0.1637472773   9 1
records from  1 ...  20829
factors from  1 ...  42
updated forcing  2019.03045764056
   0.97108046014=CC  365.24629596398=Yr
   0.96910377020:dLOD:    365.24629596398:Yr: w.dat```
   0.00240153620 :offset:
   0.40112768952 :bg:
  -5.94634230425 :impA:
  -9.95482903027 :impB:
   0.03014825318 :impC:
  -4.22553380273:delA:
   1.12605708876:delB:
   6.17601576100:asym:
  -0.04154424980:ann1:
  -0.13642376274:ann2:
   0.02290887301:sem1:
   0.00691092504:sem2:
  -0.00000548602:year:
  -0.50870835931:IR:
   0.00009159526 :mA:
   0.00551492872 :mP:
   0.00287486704 :shiftT:
  -1.69578693644 :init:
---- Tidal ----
  27.32166155400,   -0.00001419839,    1.79024987047,  1, -108,  1.77623886906348E-04
  27.21222081500,   -0.00249970759,   -1.34084564995,  2, -272,  1.45338192292238E-03
1095.17502233364,   -0.01967375347,   -0.67018974848,  3, -22306,  8.85962424783802E-05
  13.63341568476,    0.12528345214,    1.58893237622,  4, -3,  1.29171237914516E-01
  13.66083077700,    0.29610784137,    0.63829161689,  5, -6,  3.16052361589228E-01
  13.60611040750,    0.00114183199,    2.52810930400,  6, -89,  1.05495004760776E-02
  27.55454988600,    0.09798034908,    0.17336188529,  7,  14,  8.56629278001492E-02
  13.77727494300,    0.02930766666,   -2.77304000895,  8,  116,  1.35418900723381E-02
6793.47648813065,    0.00193851667,    5.93400408717,  9,  66,  1.16524059389948E-03
1616.30271425126,    0.00643454426,   -4.04816812421,  10,  339,  1.46720429301758E-03
  31.81209388759,    0.01933399812,    0.15722279540,  11,  26,  1.53414059965656E-02
1305.66025845931,    0.01553367486,    1.19622773938,  12,  5106,  2.98368588796921E-04
  27.44323926226,    0.00207539471,   -2.07586883401,  13, -52,  4.29950689838425E-03
  27.66676714572,    0.00466475663,    2.94705546980,  14, -37,  7.42627797899312E-03
2190.35004466729,    0.00180114512,   -2.12464278236,  15,  43,  1.26228572738325E-03
  26.98505934729,   -0.00007328082,    1.33568369116,  16, -102,  3.08045699399523E-03
6167.20701373239,    0.00322103844,    0.07186813371,  17,  741,  3.82781565939231E-04
-3232.60542850251,    0.01123131375,    0.26270715149,  18,  1418,  7.39836273275383E-04
-2120.90900683440,    0.00570280496,    7.11881544919,  19,  554,  8.71545684577268E-04
   9.13295078376,    0.09049457411,   -2.20797555022,  20,  6,  8.57409652860247E-02
   9.12068919638,    0.03662289437,   -1.40612649734,  21,  3,  3.54487787515200E-02
   9.10846048884,    0.00483989301,   -0.98665493017,  22,  62,  2.99015012159045E-03
3396.73824406533,    0.00298618601,   -1.24176651664,  23,  281,  7.83820532879417E-04
1656.31999626209,   -0.00201518839,    0.07757567365,  24, -232,  1.52672677346090E-03
   9.55688763074,    0.02407924464,   -2.43785669613,  25,  56,  1.54291153559962E-02
   9.18484996200,    0.01197188380,    0.74055425422,  26,  420,  2.30300643600180E-03
   9.54346213418,    0.01317013824,   -1.17791231601,  27,  105,  6.41575739312582E-03
   7.08840687523,    0.00550692814,    1.83888131214,  28, -10,  6.13844639861586E-03
   6.85248390316,    0.00853010447,    2.34758906269,  29,  109,  4.07738907699251E-03
   6.85940288609,    0.03271055580,    1.09864386687,  30,  118,  1.50362860516268E-02
   7.09581074183,    0.02138924433,    0.96059119383,  31,  24,  1.72062554309454E-02
   5.64270811399,    0.00593852279,   -1.74581131854,  32,  28,  4.63897006263658E-03
  14.76532733342,    0.02825005737,   -2.91375377363,  33,  11,  2.53379304577090E-02
   9.61373178099,    0.00644542614,    0.90139473431,  34, -5,  6.79787728685529E-03
  27.09267692660,    0.01271111328,    0.03814908672,  35,  160,  4.88821334805157E-03
   5.63802513169,   -0.00543091346,   -2.00761380846,  36, -964,  6.28536786659866E-04
   5.49218394831,    0.00336465367,   -2.23688997872,  37,  200,  1.12012503535197E-03
  14.79748903586,    0.00412994643,   -4.08885729347,  38,  44,  2.87069441270983E-03
  14.73330513192,    0.00000003754,    2.96578794048,  39, -100,  2.87685651163846E-03
  15.38737221111,   -0.00603504764,   -1.70687924658,  40, -683,  1.03507948675646E-03
  23.94211513616,   -0.00433762098,    1.49460131161,  41, -1093,  4.36628873440457E-04
 182.62314798199,    0.02496175558,   -0.63712974865,  42,  5,  2.38491385123563E-02
---- LTE ----
   0.00000000000 :ridge:
   1.00000000000 :coverage:
 FALSE :enclosing:
 UL :enclosed:
  -0.04384543615 :trend:
   0.00033594649 :accel:
-28989.26558131539 :K0:
1498.69948685207 :level:
  -0.01881658540,    0.00000000000,    0.00000000000 1
   0.08104038838,    0.00000000000,    0.00000000000-6
  -0.01342612520, 343680.40617327229,   -3.13747271519 1
```
CC   0.6194090545 V:   0.3867687008  -0.1637472773   10 1
records from  1 ...  20829
factors from  1 ...  42
updated forcing  2019.03045764056
   0.97108046014=CC  365.24629596398=Yr
   0.96910377020:dLOD:    365.24629596398:Yr: w.dat```
   0.00240153620 :offset:
   0.40112768952 :bg:
  -5.94634230425 :impA:
  -9.95482903027 :impB:
   0.03014825318 :impC:
  -4.22553380273:delA:
   1.12605708876:delB:
   6.17601576100:asym:
  -0.04154424980:ann1:
  -0.13642376274:ann2:
   0.02290887301:sem1:
   0.00691092504:sem2:
  -0.00000548602:year:
  -0.50870835931:IR:
   0.00009159526 :mA:
   0.00551492872 :mP:
   0.00287486704 :shiftT:
  -1.69578693644 :init:
---- Tidal ----
  27.32166155400,   -0.00001419839,    1.79024987047,  1, -108,  1.77623886906348E-04
  27.21222081500,   -0.00249970759,   -1.34084564995,  2, -272,  1.45338192292238E-03
1095.17502233364,   -0.01967375347,   -0.67018974848,  3, -22306,  8.85962424783802E-05
  13.63341568476,    0.12528345214,    1.58893237622,  4, -3,  1.29171237914516E-01
  13.66083077700,    0.29610784137,    0.63829161689,  5, -6,  3.16052361589228E-01
  13.60611040750,    0.00114183199,    2.52810930400,  6, -89,  1.05495004760776E-02
  27.55454988600,    0.09798034908,    0.17336188529,  7,  14,  8.56629278001492E-02
  13.77727494300,    0.02930766666,   -2.77304000895,  8,  116,  1.35418900723381E-02
6793.47648813065,    0.00193851667,    5.93400408717,  9,  66,  1.16524059389948E-03
1616.30271425126,    0.00643454426,   -4.04816812421,  10,  339,  1.46720429301758E-03
  31.81209388759,    0.01933399812,    0.15722279540,  11,  26,  1.53414059965656E-02
1305.66025845931,    0.01553367486,    1.19622773938,  12,  5106,  2.98368588796921E-04
  27.44323926226,    0.00207539471,   -2.07586883401,  13, -52,  4.29950689838425E-03
  27.66676714572,    0.00466475663,    2.94705546980,  14, -37,  7.42627797899312E-03
2190.35004466729,    0.00180114512,   -2.12464278236,  15,  43,  1.26228572738325E-03
  26.98505934729,   -0.00007328082,    1.33568369116,  16, -102,  3.08045699399523E-03
6167.20701373239,    0.00322103844,    0.07186813371,  17,  741,  3.82781565939231E-04
-3232.60542850251,    0.01123131375,    0.26270715149,  18,  1418,  7.39836273275383E-04
-2120.90900683440,    0.00570280496,    7.11881544919,  19,  554,  8.71545684577268E-04
   9.13295078376,    0.09049457411,   -2.20797555022,  20,  6,  8.57409652860247E-02
   9.12068919638,    0.03662289437,   -1.40612649734,  21,  3,  3.54487787515200E-02
   9.10846048884,    0.00483989301,   -0.98665493017,  22,  62,  2.99015012159045E-03
3396.73824406533,    0.00298618601,   -1.24176651664,  23,  281,  7.83820532879417E-04
1656.31999626209,   -0.00201518839,    0.07757567365,  24, -232,  1.52672677346090E-03
   9.55688763074,    0.02407924464,   -2.43785669613,  25,  56,  1.54291153559962E-02
   9.18484996200,    0.01197188380,    0.74055425422,  26,  420,  2.30300643600180E-03
   9.54346213418,    0.01317013824,   -1.17791231601,  27,  105,  6.41575739312582E-03
   7.08840687523,    0.00550692814,    1.83888131214,  28, -10,  6.13844639861586E-03
   6.85248390316,    0.00853010447,    2.34758906269,  29,  109,  4.07738907699251E-03
   6.85940288609,    0.03271055580,    1.09864386687,  30,  118,  1.50362860516268E-02
   7.09581074183,    0.02138924433,    0.96059119383,  31,  24,  1.72062554309454E-02
   5.64270811399,    0.00593852279,   -1.74581131854,  32,  28,  4.63897006263658E-03
  14.76532733342,    0.02825005737,   -2.91375377363,  33,  11,  2.53379304577090E-02
   9.61373178099,    0.00644542614,    0.90139473431,  34, -5,  6.79787728685529E-03
  27.09267692660,    0.01271111328,    0.03814908672,  35,  160,  4.88821334805157E-03
   5.63802513169,   -0.00543091346,   -2.00761380846,  36, -964,  6.28536786659866E-04
   5.49218394831,    0.00336465367,   -2.23688997872,  37,  200,  1.12012503535197E-03
  14.79748903586,    0.00412994643,   -4.08885729347,  38,  44,  2.87069441270983E-03
  14.73330513192,    0.00000003754,    2.96578794048,  39, -100,  2.87685651163846E-03
  15.38737221111,   -0.00603504764,   -1.70687924658,  40, -683,  1.03507948675646E-03
  23.94211513616,   -0.00433762098,    1.49460131161,  41, -1093,  4.36628873440457E-04
 182.62314798199,    0.02496175558,   -0.63712974865,  42,  5,  2.38491385123563E-02
---- LTE ----
   0.00000000000 :ridge:
   1.00000000000 :coverage:
 FALSE :enclosing:
 UL :enclosed:
  -0.04384543615 :trend:
   0.00033594649 :accel:
-28989.26558131539 :K0:
1498.69948685207 :level:
  -0.01881658540,    0.00000000000,    0.00000000000 1
   0.08104038838,    0.00000000000,    0.00000000000-6
  -0.01342612520, 343680.40617327229,   -3.13747271519 1
```
CC   0.6194090545 V:   0.3867687008  -0.1637472773   11 1
records from  1 ...  20829
factors from  1 ...  42
updated forcing  2019.03045764056
   0.97108046014=CC  365.24629596398=Yr
   0.96910377020:dLOD:    365.24629596398:Yr: w.dat```
   0.00240153620 :offset:
   0.40112768952 :bg:
  -5.94634230425 :impA:
  -9.95482903027 :impB:
   0.03014825318 :impC:
  -4.22553380273:delA:
   1.12605708876:delB:
   6.17601576100:asym:
  -0.04154424980:ann1:
  -0.13642376274:ann2:
   0.02290887301:sem1:
   0.00691092504:sem2:
  -0.00000548602:year:
  -0.50870835931:IR:
   0.00009159526 :mA:
   0.00551492872 :mP:
   0.00287486704 :shiftT:
  -1.69578693644 :init:
---- Tidal ----
  27.32166155400,   -0.00001419839,    1.79024987047,  1, -108,  1.77623886906348E-04
  27.21222081500,   -0.00249970759,   -1.34084564995,  2, -272,  1.45338192292238E-03
1095.17502233364,   -0.01967375347,   -0.67018974848,  3, -22306,  8.85962424783802E-05
  13.63341568476,    0.12528345214,    1.58893237622,  4, -3,  1.29171237914516E-01
  13.66083077700,    0.29610784137,    0.63829161689,  5, -6,  3.16052361589228E-01
  13.60611040750,    0.00114183199,    2.52810930400,  6, -89,  1.05495004760776E-02
  27.55454988600,    0.09798034908,    0.17336188529,  7,  14,  8.56629278001492E-02
  13.77727494300,    0.02930766666,   -2.77304000895,  8,  116,  1.35418900723381E-02
6793.47648813065,    0.00193851667,    5.93400408717,  9,  66,  1.16524059389948E-03
1616.30271425126,    0.00643454426,   -4.04816812421,  10,  339,  1.46720429301758E-03
  31.81209388759,    0.01933399812,    0.15722279540,  11,  26,  1.53414059965656E-02
1305.66025845931,    0.01553367486,    1.19622773938,  12,  5106,  2.98368588796921E-04
  27.44323926226,    0.00207539471,   -2.07586883401,  13, -52,  4.29950689838425E-03
  27.66676714572,    0.00466475663,    2.94705546980,  14, -37,  7.42627797899312E-03
2190.35004466729,    0.00180114512,   -2.12464278236,  15,  43,  1.26228572738325E-03
  26.98505934729,   -0.00007328082,    1.33568369116,  16, -102,  3.08045699399523E-03
6167.20701373239,    0.00322103844,    0.07186813371,  17,  741,  3.82781565939231E-04
-3232.60542850251,    0.01123131375,    0.26270715149,  18,  1418,  7.39836273275383E-04
-2120.90900683440,    0.00570280496,    7.11881544919,  19,  554,  8.71545684577268E-04
   9.13295078376,    0.09049457411,   -2.20797555022,  20,  6,  8.57409652860247E-02
   9.12068919638,    0.03662289437,   -1.40612649734,  21,  3,  3.54487787515200E-02
   9.10846048884,    0.00483989301,   -0.98665493017,  22,  62,  2.99015012159045E-03
3396.73824406533,    0.00298618601,   -1.24176651664,  23,  281,  7.83820532879417E-04
1656.31999626209,   -0.00201518839,    0.07757567365,  24, -232,  1.52672677346090E-03
   9.55688763074,    0.02407924464,   -2.43785669613,  25,  56,  1.54291153559962E-02
   9.18484996200,    0.01197188380,    0.74055425422,  26,  420,  2.30300643600180E-03
   9.54346213418,    0.01317013824,   -1.17791231601,  27,  105,  6.41575739312582E-03
   7.08840687523,    0.00550692814,    1.83888131214,  28, -10,  6.13844639861586E-03
   6.85248390316,    0.00853010447,    2.34758906269,  29,  109,  4.07738907699251E-03
   6.85940288609,    0.03271055580,    1.09864386687,  30,  118,  1.50362860516268E-02
   7.09581074183,    0.02138924433,    0.96059119383,  31,  24,  1.72062554309454E-02
   5.64270811399,    0.00593852279,   -1.74581131854,  32,  28,  4.63897006263658E-03
  14.76532733342,    0.02825005737,   -2.91375377363,  33,  11,  2.53379304577090E-02
   9.61373178099,    0.00644542614,    0.90139473431,  34, -5,  6.79787728685529E-03
  27.09267692660,    0.01271111328,    0.03814908672,  35,  160,  4.88821334805157E-03
   5.63802513169,   -0.00543091346,   -2.00761380846,  36, -964,  6.28536786659866E-04
   5.49218394831,    0.00336465367,   -2.23688997872,  37,  200,  1.12012503535197E-03
  14.79748903586,    0.00412994643,   -4.08885729347,  38,  44,  2.87069441270983E-03
  14.73330513192,    0.00000003754,    2.96578794048,  39, -100,  2.87685651163846E-03
  15.38737221111,   -0.00603504764,   -1.70687924658,  40, -683,  1.03507948675646E-03
  23.94211513616,   -0.00433762098,    1.49460131161,  41, -1093,  4.36628873440457E-04
 182.62314798199,    0.02496175558,   -0.63712974865,  42,  5,  2.38491385123563E-02
---- LTE ----
   0.00000000000 :ridge:
   1.00000000000 :coverage:
 FALSE :enclosing:
 UL :enclosed:
  -0.04384543615 :trend:
   0.00033594649 :accel:
-28989.26558131539 :K0:
1498.69948685207 :level:
  -0.01881658540,    0.00000000000,    0.00000000000 1
   0.08104038838,    0.00000000000,    0.00000000000-6
  -0.01342612520, 343680.40617327229,   -3.13747271519 1
```
CC   0.6194090545 V:   0.3867687008  -0.1637472773   12 1
records from  1 ...  20829
factors from  1 ...  42
updated forcing  2019.03045764056
   0.97108046014=CC  365.24629596398=Yr
   0.96910377020:dLOD:    365.24629596398:Yr: w.dat```
   0.00240153620 :offset:
   0.40112768952 :bg:
  -5.94634230425 :impA:
  -9.95482903027 :impB:
   0.03014825318 :impC:
  -4.22553380273:delA:
   1.12605708876:delB:
   6.17601576100:asym:
  -0.04154424980:ann1:
  -0.13642376274:ann2:
   0.02290887301:sem1:
   0.00691092504:sem2:
  -0.00000548602:year:
  -0.50870835931:IR:
   0.00009159526 :mA:
   0.00551492872 :mP:
   0.00287486704 :shiftT:
  -1.69578693644 :init:
---- Tidal ----
  27.32166155400,   -0.00001419839,    1.79024987047,  1, -108,  1.77623886906348E-04
  27.21222081500,   -0.00249970759,   -1.34084564995,  2, -272,  1.45338192292238E-03
1095.17502233364,   -0.01967375347,   -0.67018974848,  3, -22306,  8.85962424783802E-05
  13.63341568476,    0.12528345214,    1.58893237622,  4, -3,  1.29171237914516E-01
  13.66083077700,    0.29610784137,    0.63829161689,  5, -6,  3.16052361589228E-01
  13.60611040750,    0.00114183199,    2.52810930400,  6, -89,  1.05495004760776E-02
  27.55454988600,    0.09798034908,    0.17336188529,  7,  14,  8.56629278001492E-02
  13.77727494300,    0.02930766666,   -2.77304000895,  8,  116,  1.35418900723381E-02
6793.47648813065,    0.00193851667,    5.93400408717,  9,  66,  1.16524059389948E-03
1616.30271425126,    0.00643454426,   -4.04816812421,  10,  339,  1.46720429301758E-03
  31.81209388759,    0.01933399812,    0.15722279540,  11,  26,  1.53414059965656E-02
1305.66025845931,    0.01553367486,    1.19622773938,  12,  5106,  2.98368588796921E-04
  27.44323926226,    0.00207539471,   -2.07586883401,  13, -52,  4.29950689838425E-03
  27.66676714572,    0.00466475663,    2.94705546980,  14, -37,  7.42627797899312E-03
2190.35004466729,    0.00180114512,   -2.12464278236,  15,  43,  1.26228572738325E-03
  26.98505934729,   -0.00007328082,    1.33568369116,  16, -102,  3.08045699399523E-03
6167.20701373239,    0.00322103844,    0.07186813371,  17,  741,  3.82781565939231E-04
-3232.60542850251,    0.01123131375,    0.26270715149,  18,  1418,  7.39836273275383E-04
-2120.90900683440,    0.00570280496,    7.11881544919,  19,  554,  8.71545684577268E-04
   9.13295078376,    0.09049457411,   -2.20797555022,  20,  6,  8.57409652860247E-02
   9.12068919638,    0.03662289437,   -1.40612649734,  21,  3,  3.54487787515200E-02
   9.10846048884,    0.00483989301,   -0.98665493017,  22,  62,  2.99015012159045E-03
3396.73824406533,    0.00298618601,   -1.24176651664,  23,  281,  7.83820532879417E-04
1656.31999626209,   -0.00201518839,    0.07757567365,  24, -232,  1.52672677346090E-03
   9.55688763074,    0.02407924464,   -2.43785669613,  25,  56,  1.54291153559962E-02
   9.18484996200,    0.01197188380,    0.74055425422,  26,  420,  2.30300643600180E-03
   9.54346213418,    0.01317013824,   -1.17791231601,  27,  105,  6.41575739312582E-03
   7.08840687523,    0.00550692814,    1.83888131214,  28, -10,  6.13844639861586E-03
   6.85248390316,    0.00853010447,    2.34758906269,  29,  109,  4.07738907699251E-03
   6.85940288609,    0.03271055580,    1.09864386687,  30,  118,  1.50362860516268E-02
   7.09581074183,    0.02138924433,    0.96059119383,  31,  24,  1.72062554309454E-02
   5.64270811399,    0.00593852279,   -1.74581131854,  32,  28,  4.63897006263658E-03
  14.76532733342,    0.02825005737,   -2.91375377363,  33,  11,  2.53379304577090E-02
   9.61373178099,    0.00644542614,    0.90139473431,  34, -5,  6.79787728685529E-03
  27.09267692660,    0.01271111328,    0.03814908672,  35,  160,  4.88821334805157E-03
   5.63802513169,   -0.00543091346,   -2.00761380846,  36, -964,  6.28536786659866E-04
   5.49218394831,    0.00336465367,   -2.23688997872,  37,  200,  1.12012503535197E-03
  14.79748903586,    0.00412994643,   -4.08885729347,  38,  44,  2.87069441270983E-03
  14.73330513192,    0.00000003754,    2.96578794048,  39, -100,  2.87685651163846E-03
  15.38737221111,   -0.00603504764,   -1.70687924658,  40, -683,  1.03507948675646E-03
  23.94211513616,   -0.00433762098,    1.49460131161,  41, -1093,  4.36628873440457E-04
 182.62314798199,    0.02496175558,   -0.63712974865,  42,  5,  2.38491385123563E-02
---- LTE ----
   0.00000000000 :ridge:
   1.00000000000 :coverage:
 FALSE :enclosing:
 UL :enclosed:
  -0.04384543615 :trend:
   0.00033594649 :accel:
-28989.26558131539 :K0:
1498.69948685207 :level:
  -0.01881658540,    0.00000000000,    0.00000000000 1
   0.08104038838,    0.00000000000,    0.00000000000-6
  -0.01342612520, 343680.40617327229,   -3.13747271519 1
```
CC   0.6194090545 V:   0.3867687008  -0.1637472773   13 1
records from  1 ...  20829
factors from  1 ...  42
updated forcing  2019.03045764056
   0.97108046014=CC  365.24629596398=Yr
   0.96910377020:dLOD:    365.24629596398:Yr: w.dat```
   0.00240153620 :offset:
   0.40112768952 :bg:
  -5.94634230425 :impA:
  -9.95482903027 :impB:
   0.03014825318 :impC:
  -4.22553380273:delA:
   1.12605708876:delB:
   6.17601576100:asym:
  -0.04154424980:ann1:
  -0.13642376274:ann2:
   0.02290887301:sem1:
   0.00691092504:sem2:
  -0.00000548602:year:
  -0.50870835931:IR:
   0.00009159526 :mA:
   0.00551492872 :mP:
   0.00287486704 :shiftT:
  -1.69578693644 :init:
---- Tidal ----
  27.32166155400,   -0.00001419839,    1.79024987047,  1, -108,  1.77623886906348E-04
  27.21222081500,   -0.00249970759,   -1.34084564995,  2, -272,  1.45338192292238E-03
1095.17502233364,   -0.01967375347,   -0.67018974848,  3, -22306,  8.85962424783802E-05
  13.63341568476,    0.12528345214,    1.58893237622,  4, -3,  1.29171237914516E-01
  13.66083077700,    0.29610784137,    0.63829161689,  5, -6,  3.16052361589228E-01
  13.60611040750,    0.00114183199,    2.52810930400,  6, -89,  1.05495004760776E-02
  27.55454988600,    0.09798034908,    0.17336188529,  7,  14,  8.56629278001492E-02
  13.77727494300,    0.02930766666,   -2.77304000895,  8,  116,  1.35418900723381E-02
6793.47648813065,    0.00193851667,    5.93400408717,  9,  66,  1.16524059389948E-03
1616.30271425126,    0.00643454426,   -4.04816812421,  10,  339,  1.46720429301758E-03
  31.81209388759,    0.01933399812,    0.15722279540,  11,  26,  1.53414059965656E-02
1305.66025845931,    0.01553367486,    1.19622773938,  12,  5106,  2.98368588796921E-04
  27.44323926226,    0.00207539471,   -2.07586883401,  13, -52,  4.29950689838425E-03
  27.66676714572,    0.00466475663,    2.94705546980,  14, -37,  7.42627797899312E-03
2190.35004466729,    0.00180114512,   -2.12464278236,  15,  43,  1.26228572738325E-03
  26.98505934729,   -0.00007328082,    1.33568369116,  16, -102,  3.08045699399523E-03
6167.20701373239,    0.00322103844,    0.07186813371,  17,  741,  3.82781565939231E-04
-3232.60542850251,    0.01123131375,    0.26270715149,  18,  1418,  7.39836273275383E-04
-2120.90900683440,    0.00570280496,    7.11881544919,  19,  554,  8.71545684577268E-04
   9.13295078376,    0.09049457411,   -2.20797555022,  20,  6,  8.57409652860247E-02
   9.12068919638,    0.03662289437,   -1.40612649734,  21,  3,  3.54487787515200E-02
   9.10846048884,    0.00483989301,   -0.98665493017,  22,  62,  2.99015012159045E-03
3396.73824406533,    0.00298618601,   -1.24176651664,  23,  281,  7.83820532879417E-04
1656.31999626209,   -0.00201518839,    0.07757567365,  24, -232,  1.52672677346090E-03
   9.55688763074,    0.02407924464,   -2.43785669613,  25,  56,  1.54291153559962E-02
   9.18484996200,    0.01197188380,    0.74055425422,  26,  420,  2.30300643600180E-03
   9.54346213418,    0.01317013824,   -1.17791231601,  27,  105,  6.41575739312582E-03
   7.08840687523,    0.00550692814,    1.83888131214,  28, -10,  6.13844639861586E-03
   6.85248390316,    0.00853010447,    2.34758906269,  29,  109,  4.07738907699251E-03
   6.85940288609,    0.03271055580,    1.09864386687,  30,  118,  1.50362860516268E-02
   7.09581074183,    0.02138924433,    0.96059119383,  31,  24,  1.72062554309454E-02
   5.64270811399,    0.00593852279,   -1.74581131854,  32,  28,  4.63897006263658E-03
  14.76532733342,    0.02825005737,   -2.91375377363,  33,  11,  2.53379304577090E-02
   9.61373178099,    0.00644542614,    0.90139473431,  34, -5,  6.79787728685529E-03
  27.09267692660,    0.01271111328,    0.03814908672,  35,  160,  4.88821334805157E-03
   5.63802513169,   -0.00543091346,   -2.00761380846,  36, -964,  6.28536786659866E-04
   5.49218394831,    0.00336465367,   -2.23688997872,  37,  200,  1.12012503535197E-03
  14.79748903586,    0.00412994643,   -4.08885729347,  38,  44,  2.87069441270983E-03
  14.73330513192,    0.00000003754,    2.96578794048,  39, -100,  2.87685651163846E-03
  15.38737221111,   -0.00603504764,   -1.70687924658,  40, -683,  1.03507948675646E-03
  23.94211513616,   -0.00433762098,    1.49460131161,  41, -1093,  4.36628873440457E-04
 182.62314798199,    0.02496175558,   -0.63712974865,  42,  5,  2.38491385123563E-02
---- LTE ----
   0.00000000000 :ridge:
   1.00000000000 :coverage:
 FALSE :enclosing:
 UL :enclosed:
  -0.04384543615 :trend:
   0.00033594649 :accel:
-28989.26558131539 :K0:
1498.69948685207 :level:
  -0.01881658540,    0.00000000000,    0.00000000000 1
   0.08104038838,    0.00000000000,    0.00000000000-6
  -0.01342612520, 343680.40617327229,   -3.13747271519 1
```
CC   0.6194090545 V:   0.3867687008  -0.1637472773   14 1
records from  1 ...  20829
factors from  1 ...  42
updated forcing  2019.03045764056
   0.97108046014=CC  365.24629596398=Yr
   0.96910377020:dLOD:    365.24629596398:Yr: w.dat```
   0.00240153620 :offset:
   0.40112768952 :bg:
  -5.94634230425 :impA:
  -9.95482903027 :impB:
   0.03014825318 :impC:
  -4.22553380273:delA:
   1.12605708876:delB:
   6.17601576100:asym:
  -0.04154424980:ann1:
  -0.13642376274:ann2:
   0.02290887301:sem1:
   0.00691092504:sem2:
  -0.00000548602:year:
  -0.50870835931:IR:
   0.00009159526 :mA:
   0.00551492872 :mP:
   0.00287486704 :shiftT:
  -1.69578693644 :init:
---- Tidal ----
  27.32166155400,   -0.00001419839,    1.79024987047,  1, -108,  1.77623886906348E-04
  27.21222081500,   -0.00249970759,   -1.34084564995,  2, -272,  1.45338192292238E-03
1095.17502233364,   -0.01967375347,   -0.67018974848,  3, -22306,  8.85962424783802E-05
  13.63341568476,    0.12528345214,    1.58893237622,  4, -3,  1.29171237914516E-01
  13.66083077700,    0.29610784137,    0.63829161689,  5, -6,  3.16052361589228E-01
  13.60611040750,    0.00114183199,    2.52810930400,  6, -89,  1.05495004760776E-02
  27.55454988600,    0.09798034908,    0.17336188529,  7,  14,  8.56629278001492E-02
  13.77727494300,    0.02930766666,   -2.77304000895,  8,  116,  1.35418900723381E-02
6793.47648813065,    0.00193851667,    5.93400408717,  9,  66,  1.16524059389948E-03
1616.30271425126,    0.00643454426,   -4.04816812421,  10,  339,  1.46720429301758E-03
  31.81209388759,    0.01933399812,    0.15722279540,  11,  26,  1.53414059965656E-02
1305.66025845931,    0.01553367486,    1.19622773938,  12,  5106,  2.98368588796921E-04
  27.44323926226,    0.00207539471,   -2.07586883401,  13, -52,  4.29950689838425E-03
  27.66676714572,    0.00466475663,    2.94705546980,  14, -37,  7.42627797899312E-03
2190.35004466729,    0.00180114512,   -2.12464278236,  15,  43,  1.26228572738325E-03
  26.98505934729,   -0.00007328082,    1.33568369116,  16, -102,  3.08045699399523E-03
6167.20701373239,    0.00322103844,    0.07186813371,  17,  741,  3.82781565939231E-04
-3232.60542850251,    0.01123131375,    0.26270715149,  18,  1418,  7.39836273275383E-04
-2120.90900683440,    0.00570280496,    7.11881544919,  19,  554,  8.71545684577268E-04
   9.13295078376,    0.09049457411,   -2.20797555022,  20,  6,  8.57409652860247E-02
   9.12068919638,    0.03662289437,   -1.40612649734,  21,  3,  3.54487787515200E-02
   9.10846048884,    0.00483989301,   -0.98665493017,  22,  62,  2.99015012159045E-03
3396.73824406533,    0.00298618601,   -1.24176651664,  23,  281,  7.83820532879417E-04
1656.31999626209,   -0.00201518839,    0.07757567365,  24, -232,  1.52672677346090E-03
   9.55688763074,    0.02407924464,   -2.43785669613,  25,  56,  1.54291153559962E-02
   9.18484996200,    0.01197188380,    0.74055425422,  26,  420,  2.30300643600180E-03
   9.54346213418,    0.01317013824,   -1.17791231601,  27,  105,  6.41575739312582E-03
   7.08840687523,    0.00550692814,    1.83888131214,  28, -10,  6.13844639861586E-03
   6.85248390316,    0.00853010447,    2.34758906269,  29,  109,  4.07738907699251E-03
   6.85940288609,    0.03271055580,    1.09864386687,  30,  118,  1.50362860516268E-02
   7.09581074183,    0.02138924433,    0.96059119383,  31,  24,  1.72062554309454E-02
   5.64270811399,    0.00593852279,   -1.74581131854,  32,  28,  4.63897006263658E-03
  14.76532733342,    0.02825005737,   -2.91375377363,  33,  11,  2.53379304577090E-02
   9.61373178099,    0.00644542614,    0.90139473431,  34, -5,  6.79787728685529E-03
  27.09267692660,    0.01271111328,    0.03814908672,  35,  160,  4.88821334805157E-03
   5.63802513169,   -0.00543091346,   -2.00761380846,  36, -964,  6.28536786659866E-04
   5.49218394831,    0.00336465367,   -2.23688997872,  37,  200,  1.12012503535197E-03
  14.79748903586,    0.00412994643,   -4.08885729347,  38,  44,  2.87069441270983E-03
  14.73330513192,    0.00000003754,    2.96578794048,  39, -100,  2.87685651163846E-03
  15.38737221111,   -0.00603504764,   -1.70687924658,  40, -683,  1.03507948675646E-03
  23.94211513616,   -0.00433762098,    1.49460131161,  41, -1093,  4.36628873440457E-04
 182.62314798199,    0.02496175558,   -0.63712974865,  42,  5,  2.38491385123563E-02
---- LTE ----
   0.00000000000 :ridge:
   1.00000000000 :coverage:
 FALSE :enclosing:
 UL :enclosed:
  -0.04384543615 :trend:
   0.00033594649 :accel:
-28989.26558131539 :K0:
1498.69948685207 :level:
  -0.01881658540,    0.00000000000,    0.00000000000 1
   0.08104038838,    0.00000000000,    0.00000000000-6
  -0.01342612520, 343680.40617327229,   -3.13747271519 1
```
CC   0.6194090545 V:   0.3867687008  -0.1637472773   15 1
records from  1 ...  20829
factors from  1 ...  42
updated forcing  2019.03045764056
   0.97108046014=CC  365.24629596398=Yr
   0.96910377020:dLOD:    365.24629596398:Yr: w.dat```
   0.00240153620 :offset:
   0.40112768952 :bg:
  -5.94634230425 :impA:
  -9.95482903027 :impB:
   0.03014825318 :impC:
  -4.22553380273:delA:
   1.12605708876:delB:
   6.17601576100:asym:
  -0.04154424980:ann1:
  -0.13642376274:ann2:
   0.02290887301:sem1:
   0.00691092504:sem2:
  -0.00000548602:year:
  -0.50870835931:IR:
   0.00009159526 :mA:
   0.00551492872 :mP:
   0.00287486704 :shiftT:
  -1.69578693644 :init:
---- Tidal ----
  27.32166155400,   -0.00001419839,    1.79024987047,  1, -108,  1.77623886906348E-04
  27.21222081500,   -0.00249970759,   -1.34084564995,  2, -272,  1.45338192292238E-03
1095.17502233364,   -0.01967375347,   -0.67018974848,  3, -22306,  8.85962424783802E-05
  13.63341568476,    0.12528345214,    1.58893237622,  4, -3,  1.29171237914516E-01
  13.66083077700,    0.29610784137,    0.63829161689,  5, -6,  3.16052361589228E-01
  13.60611040750,    0.00114183199,    2.52810930400,  6, -89,  1.05495004760776E-02
  27.55454988600,    0.09798034908,    0.17336188529,  7,  14,  8.56629278001492E-02
  13.77727494300,    0.02930766666,   -2.77304000895,  8,  116,  1.35418900723381E-02
6793.47648813065,    0.00193851667,    5.93400408717,  9,  66,  1.16524059389948E-03
1616.30271425126,    0.00643454426,   -4.04816812421,  10,  339,  1.46720429301758E-03
  31.81209388759,    0.01933399812,    0.15722279540,  11,  26,  1.53414059965656E-02
1305.66025845931,    0.01553367486,    1.19622773938,  12,  5106,  2.98368588796921E-04
  27.44323926226,    0.00207539471,   -2.07586883401,  13, -52,  4.29950689838425E-03
  27.66676714572,    0.00466475663,    2.94705546980,  14, -37,  7.42627797899312E-03
2190.35004466729,    0.00180114512,   -2.12464278236,  15,  43,  1.26228572738325E-03
  26.98505934729,   -0.00007328082,    1.33568369116,  16, -102,  3.08045699399523E-03
6167.20701373239,    0.00322103844,    0.07186813371,  17,  741,  3.82781565939231E-04
-3232.60542850251,    0.01123131375,    0.26270715149,  18,  1418,  7.39836273275383E-04
-2120.90900683440,    0.00570280496,    7.11881544919,  19,  554,  8.71545684577268E-04
   9.13295078376,    0.09049457411,   -2.20797555022,  20,  6,  8.57409652860247E-02
   9.12068919638,    0.03662289437,   -1.40612649734,  21,  3,  3.54487787515200E-02
   9.10846048884,    0.00483989301,   -0.98665493017,  22,  62,  2.99015012159045E-03
3396.73824406533,    0.00298618601,   -1.24176651664,  23,  281,  7.83820532879417E-04
1656.31999626209,   -0.00201518839,    0.07757567365,  24, -232,  1.52672677346090E-03
   9.55688763074,    0.02407924464,   -2.43785669613,  25,  56,  1.54291153559962E-02
   9.18484996200,    0.01197188380,    0.74055425422,  26,  420,  2.30300643600180E-03
   9.54346213418,    0.01317013824,   -1.17791231601,  27,  105,  6.41575739312582E-03
   7.08840687523,    0.00550692814,    1.83888131214,  28, -10,  6.13844639861586E-03
   6.85248390316,    0.00853010447,    2.34758906269,  29,  109,  4.07738907699251E-03
   6.85940288609,    0.03271055580,    1.09864386687,  30,  118,  1.50362860516268E-02
   7.09581074183,    0.02138924433,    0.96059119383,  31,  24,  1.72062554309454E-02
   5.64270811399,    0.00593852279,   -1.74581131854,  32,  28,  4.63897006263658E-03
  14.76532733342,    0.02825005737,   -2.91375377363,  33,  11,  2.53379304577090E-02
   9.61373178099,    0.00644542614,    0.90139473431,  34, -5,  6.79787728685529E-03
  27.09267692660,    0.01271111328,    0.03814908672,  35,  160,  4.88821334805157E-03
   5.63802513169,   -0.00543091346,   -2.00761380846,  36, -964,  6.28536786659866E-04
   5.49218394831,    0.00336465367,   -2.23688997872,  37,  200,  1.12012503535197E-03
  14.79748903586,    0.00412994643,   -4.08885729347,  38,  44,  2.87069441270983E-03
  14.73330513192,    0.00000003754,    2.96578794048,  39, -100,  2.87685651163846E-03
  15.38737221111,   -0.00603504764,   -1.70687924658,  40, -683,  1.03507948675646E-03
  23.94211513616,   -0.00433762098,    1.49460131161,  41, -1093,  4.36628873440457E-04
 182.62314798199,    0.02496175558,   -0.63712974865,  42,  5,  2.38491385123563E-02
---- LTE ----
   0.00000000000 :ridge:
   1.00000000000 :coverage:
 FALSE :enclosing:
 UL :enclosed:
  -0.04384543615 :trend:
   0.00033594649 :accel:
-28989.26558131539 :K0:
1498.69948685207 :level:
  -0.01881658540,    0.00000000000,    0.00000000000 1
   0.08104038838,    0.00000000000,    0.00000000000-6
  -0.01342612520, 343680.40617327229,   -3.13747271519 1
```
CC   0.6194090545 V:   0.3867687008  -0.1637472773   16 1
records from  1 ...  20829
factors from  1 ...  42
updated forcing  2019.03045764056
   0.97108046014=CC  365.24629596398=Yr
   0.96910377020:dLOD:    365.24629596398:Yr: w.dat